<html>
<body>
<pre>
<h1>µVision Build Log</h1>
<h2>Tool Versions:</h2>
IDE-Version: ¦ÌVision V5.14.0.0
Copyright (C) 2015 ARM Ltd and ARM Germany GmbH. All rights reserved.
License Information: fan fan, sc, LIC=X96CK-Z4WHP-QDVKD-894WN-R67JX-4JQUE
 
Tool Versions:
Toolchain:       MDK-ARM Standard  Version: 5.14.0.0
Toolchain Path:  C:\Keil_v5\ARM\ARMCC\Bin
C Compiler:      Armcc.exe V5.05 update 1 (build 106)
Assembler:       Armasm.exe V5.05 update 1 (build 106)
Linker/Locator:  ArmLink.exe V5.05 update 1 (build 106)
Library Manager: ArmAr.exe V5.05 update 1 (build 106)
Hex Converter:   FromElf.exe V5.05 update 1 (build 106)
CPU DLL:         SARMCM3.DLL V5.14.0.0
Dialog DLL:      DCM.DLL V1.13.1.0
Target DLL:      CMSIS_AGDI.dll V1.21.0.0
Dialog DLL:      TCM.DLL V1.14.4.0
 
<h2>Project:</h2>
C:\Users\26366\Desktop\stm32cube_fw_f4_v1280\STM32Cube_FW_F4_V1.28.0\Projects\STM324xG_EVAL\Applications\LwIP\LwIP_HTTP_Server_Raw\MDK-ARM\Project.uvprojx
Project File Date:  06/05/2024

<h2>Output:</h2>
Build target 'STM324xG_EVAL'
compiling autoip.c...
compiling igmp.c...
compiling ip4_frag.c...
compiling ip4_addr.c...
compiling ip4.c...
compiling etharp.c...
compiling dhcp.c...
compiling icmp.c...
compiling tcpip.c...
compiling api_msg.c...
compiling netbuf.c...
compiling sockets.c...
compiling err.c...
compiling netifapi.c...
compiling api_lib.c...
compiling netdb.c...
compiling fs.c...
compiling httpd.c...
compiling main.c...
compiling app_ethernet.c...
compiling httpd_cgi_ssi.c...
compiling ethernetif.c...
compiling ethernet.c...
compiling netif.c...
compiling stats.c...
compiling mem.c...
compiling inet_chksum.c...
compiling tcp.c...
compiling timeouts.c...
compiling ip.c...
compiling sys.c...
compiling raw.c...
compiling tcp_out.c...
compiling init.c...
compiling pbuf.c...
compiling dns.c...
compiling def.c...
compiling memp.c...
compiling udp.c...
compiling tcp_in.c...
linking...
Program Size: Code=54024 RO-data=61080 RW-data=332 ZI-data=63428  
"STM324xG_EVAL\STM324xG_EVAL.axf" - 0 Error(s), 0 Warning(s).

<h2>Software Packages used:</h2>

Package Vendor: ARM
                http://www.keil.com/pack/ARM.CMSIS.4.2.0.pack
                ARM::CMSIS:CORE:3.40.0
                CMSIS (Cortex Microcontroller Software Interface Standard)
   * Component: CORE Version: 3.40.0

<h2>Collection of Component include folders:</h2>
  C:\Users\26366\Desktop\stm32cube_fw_f4_v1280\STM32Cube_FW_F4_V1.28.0\Projects\STM324xG_EVAL\Applications\LwIP\LwIP_HTTP_Server_Raw\MDK-ARM\RTE
  C:\Keil_v5\ARM\PACK\ARM\CMSIS\4.2.0\CMSIS\Include
  C:\Keil_v5\ARM\PACK\Keil\STM32F4xx_DFP\2.9.0

<h2>Collection of Component Files used:</h2>

   * Component: ARM::CMSIS:CORE:3.40.0
      Source file:   CMSIS\UserCodeTemplates\ARM\ITM_Retarget.c
</pre>
</body>
</html>
