Component: ARM Compiler 5.05 update 1 (build 106) Tool: armlink [4d0efa]

==============================================================================

Section Cross References

    system_stm32f4xx.o(i.SystemCoreClockUpdate) refers to system_stm32f4xx.o(.data) for .data
    system_stm32f4xx.o(i.SystemCoreClockUpdate) refers to system_stm32f4xx.o(.constdata) for .constdata
    ip4_frag.o(i.ip4_frag) refers to printf3.o(i.__0printf$3) for __2printf
    ip4_frag.o(i.ip4_frag) refers to def.o(i.lwip_htons) for lwip_htons
    ip4_frag.o(i.ip4_frag) refers to pbuf.o(i.pbuf_alloc) for pbuf_alloc
    ip4_frag.o(i.ip4_frag) refers to memmovea.o(.text) for __aeabi_memcpy
    ip4_frag.o(i.ip4_frag) refers to memp.o(i.memp_malloc) for memp_malloc
    ip4_frag.o(i.ip4_frag) refers to pbuf.o(i.pbuf_alloced_custom) for pbuf_alloced_custom
    ip4_frag.o(i.ip4_frag) refers to pbuf.o(i.pbuf_ref) for pbuf_ref
    ip4_frag.o(i.ip4_frag) refers to pbuf.o(i.pbuf_cat) for pbuf_cat
    ip4_frag.o(i.ip4_frag) refers to pbuf.o(i.pbuf_free) for pbuf_free
    ip4_frag.o(i.ip4_frag) refers to ip4_frag.o(i.ip_frag_free_pbuf_custom_ref) for ip_frag_free_pbuf_custom_ref
    ip4_frag.o(i.ip4_frag) refers to ip4_frag.o(.conststring) for .conststring
    ip4_frag.o(i.ip4_frag) refers to ip4_frag.o(i.ipfrag_free_pbuf_custom) for ipfrag_free_pbuf_custom
    ip4_frag.o(i.ip4_reass) refers to def.o(i.lwip_htons) for lwip_htons
    ip4_frag.o(i.ip4_reass) refers to pbuf.o(i.pbuf_clen) for pbuf_clen
    ip4_frag.o(i.ip4_reass) refers to ip4_frag.o(i.ip_reass_remove_oldest_datagram) for ip_reass_remove_oldest_datagram
    ip4_frag.o(i.ip4_reass) refers to memp.o(i.memp_malloc) for memp_malloc
    ip4_frag.o(i.ip4_reass) refers to memseta.o(.text) for __aeabi_memclr4
    ip4_frag.o(i.ip4_reass) refers to memmovea.o(.text) for __aeabi_memcpy
    ip4_frag.o(i.ip4_reass) refers to ip4_frag.o(i.ip_reass_chain_frag_into_datagram_and_validate) for ip_reass_chain_frag_into_datagram_and_validate
    ip4_frag.o(i.ip4_reass) refers to pbuf.o(i.pbuf_remove_header) for pbuf_remove_header
    ip4_frag.o(i.ip4_reass) refers to pbuf.o(i.pbuf_cat) for pbuf_cat
    ip4_frag.o(i.ip4_reass) refers to ip4_frag.o(i.ip_reass_dequeue_datagram) for ip_reass_dequeue_datagram
    ip4_frag.o(i.ip4_reass) refers to printf3.o(i.__0printf$3) for __2printf
    ip4_frag.o(i.ip4_reass) refers to pbuf.o(i.pbuf_free) for pbuf_free
    ip4_frag.o(i.ip4_reass) refers to ip4_frag.o(.data) for .data
    ip4_frag.o(i.ip4_reass) refers to ip4_frag.o(.conststring) for .conststring
    ip4_frag.o(i.ip_frag_free_pbuf_custom_ref) refers to printf3.o(i.__0printf$3) for __2printf
    ip4_frag.o(i.ip_frag_free_pbuf_custom_ref) refers to memp.o(i.memp_free) for memp_free
    ip4_frag.o(i.ip_frag_free_pbuf_custom_ref) refers to ip4_frag.o(.conststring) for .conststring
    ip4_frag.o(i.ip_reass_chain_frag_into_datagram_and_validate) refers to def.o(i.lwip_htons) for lwip_htons
    ip4_frag.o(i.ip_reass_chain_frag_into_datagram_and_validate) refers to printf3.o(i.__0printf$3) for __2printf
    ip4_frag.o(i.ip_reass_chain_frag_into_datagram_and_validate) refers to ip4_frag.o(.conststring) for .conststring
    ip4_frag.o(i.ip_reass_dequeue_datagram) refers to printf3.o(i.__0printf$3) for __2printf
    ip4_frag.o(i.ip_reass_dequeue_datagram) refers to memp.o(i.memp_free) for memp_free
    ip4_frag.o(i.ip_reass_dequeue_datagram) refers to ip4_frag.o(.data) for .data
    ip4_frag.o(i.ip_reass_dequeue_datagram) refers to ip4_frag.o(.conststring) for .conststring
    ip4_frag.o(i.ip_reass_free_complete_datagram) refers to printf3.o(i.__0printf$3) for __2printf
    ip4_frag.o(i.ip_reass_free_complete_datagram) refers to memmovea.o(.text) for __aeabi_memcpy
    ip4_frag.o(i.ip_reass_free_complete_datagram) refers to icmp.o(i.icmp_time_exceeded) for icmp_time_exceeded
    ip4_frag.o(i.ip_reass_free_complete_datagram) refers to pbuf.o(i.pbuf_clen) for pbuf_clen
    ip4_frag.o(i.ip_reass_free_complete_datagram) refers to pbuf.o(i.pbuf_free) for pbuf_free
    ip4_frag.o(i.ip_reass_free_complete_datagram) refers to ip4_frag.o(i.ip_reass_dequeue_datagram) for ip_reass_dequeue_datagram
    ip4_frag.o(i.ip_reass_free_complete_datagram) refers to ip4_frag.o(.conststring) for .conststring
    ip4_frag.o(i.ip_reass_free_complete_datagram) refers to ip4_frag.o(.data) for .data
    ip4_frag.o(i.ip_reass_remove_oldest_datagram) refers to ip4_frag.o(i.ip_reass_free_complete_datagram) for ip_reass_free_complete_datagram
    ip4_frag.o(i.ip_reass_remove_oldest_datagram) refers to ip4_frag.o(.data) for .data
    ip4_frag.o(i.ip_reass_tmr) refers to ip4_frag.o(i.ip_reass_free_complete_datagram) for ip_reass_free_complete_datagram
    ip4_frag.o(i.ip_reass_tmr) refers to ip4_frag.o(.data) for .data
    ip4_frag.o(i.ipfrag_free_pbuf_custom) refers to printf3.o(i.__0printf$3) for __2printf
    ip4_frag.o(i.ipfrag_free_pbuf_custom) refers to pbuf.o(i.pbuf_free) for pbuf_free
[...]
    _printf_fp_hex                           0x00000000   Number         0  stubs.o ABSOLUTE
    _printf_g                                0x00000000   Number         0  stubs.o ABSOLUTE
    _printf_i                                0x00000000   Number         0  stubs.o ABSOLUTE
    _printf_int_dec                          0x00000000   Number         0  stubs.o ABSOLUTE
    _printf_l                                0x00000000   Number         0  stubs.o ABSOLUTE
    _printf_lc                               0x00000000   Number         0  stubs.o ABSOLUTE
    _printf_ll                               0x00000000   Number         0  stubs.o ABSOLUTE
    _printf_lld                              0x00000000   Number         0  stubs.o ABSOLUTE
    _printf_lli                              0x00000000   Number         0  stubs.o ABSOLUTE
    _printf_llo                              0x00000000   Number         0  stubs.o ABSOLUTE
    _printf_llu                              0x00000000   Number         0  stubs.o ABSOLUTE
    _printf_llx                              0x00000000   Number         0  stubs.o ABSOLUTE
    _printf_longlong_dec                     0x00000000   Number         0  stubs.o ABSOLUTE
    _printf_longlong_hex                     0x00000000   Number         0  stubs.o ABSOLUTE
    _printf_longlong_oct                     0x00000000   Number         0  stubs.o ABSOLUTE
    _printf_ls                               0x00000000   Number         0  stubs.o ABSOLUTE
    _printf_mbtowc                           0x00000000   Number         0  stubs.o ABSOLUTE
    _printf_n                                0x00000000   Number         0  stubs.o ABSOLUTE
    _printf_o                                0x00000000   Number         0  stubs.o ABSOLUTE
    _printf_p                                0x00000000   Number         0  stubs.o ABSOLUTE
    _printf_percent                          0x00000000   Number         0  stubs.o ABSOLUTE
    _printf_pre_padding                      0x00000000   Number         0  stubs.o ABSOLUTE
    _printf_return_value                     0x00000000   Number         0  stubs.o ABSOLUTE
    _printf_s                                0x00000000   Number         0  stubs.o ABSOLUTE
    _printf_sizespec                         0x00000000   Number         0  stubs.o ABSOLUTE
    _printf_str                              0x00000000   Number         0  stubs.o ABSOLUTE
    _printf_truncate_signed                  0x00000000   Number         0  stubs.o ABSOLUTE
    _printf_truncate_unsigned                0x00000000   Number         0  stubs.o ABSOLUTE
    _printf_u                                0x00000000   Number         0  stubs.o ABSOLUTE
    _printf_wc                               0x00000000   Number         0  stubs.o ABSOLUTE
    _printf_wctomb                           0x00000000   Number         0  stubs.o ABSOLUTE
    _printf_widthprec                        0x00000000   Number         0  stubs.o ABSOLUTE
    _printf_x                                0x00000000   Number         0  stubs.o ABSOLUTE
    __cpp_initialize__aeabi_                  - Undefined Weak Reference
    __cxa_finalize                            - Undefined Weak Reference
    _clock_init                               - Undefined Weak Reference
    _microlib_exit                            - Undefined Weak Reference
    __Vectors_Size                           0x00000188   Number         0  startup_stm32f407xx.o ABSOLUTE
    __Vectors                                0x08000000   Data           4  startup_stm32f407xx.o(RESET)
    __Vectors_End                            0x08000188   Data           0  startup_stm32f407xx.o(RESET)
    __main                                   0x08000189   Thumb Code     0  entry.o(.ARM.Collect$$$$00000000)
    _main_stk                                0x08000189   Thumb Code     0  entry2.o(.ARM.Collect$$$$00000001)
    _main_scatterload                        0x0800018d   Thumb Code     0  entry5.o(.ARM.Collect$$$$00000004)
    __main_after_scatterload                 0x08000191   Thumb Code     0  entry5.o(.ARM.Collect$$$$00000004)
    _main_clock                              0x08000191   Thumb Code     0  entry7b.o(.ARM.Collect$$$$00000008)
    _main_cpp_init                           0x08000191   Thumb Code     0  entry8b.o(.ARM.Collect$$$$0000000A)
    _main_init                               0x08000191   Thumb Code     0  entry9a.o(.ARM.Collect$$$$0000000B)
    __rt_final_cpp                           0x08000199   Thumb Code     0  entry10a.o(.ARM.Collect$$$$0000000D)
    __rt_final_exit                          0x08000199   Thumb Code     0  entry11a.o(.ARM.Collect$$$$0000000F)
    Reset_Handler                            0x0800019d   Thumb Code     8  startup_stm32f407xx.o(.text)
    SVC_Handler                              0x080001af   Thumb Code     2  startup_stm32f407xx.o(.text)
    PendSV_Handler                           0x080001b3   Thumb Code     2  startup_stm32f407xx.o(.text)
    ADC_IRQHandler                           0x080001b7   Thumb Code     0  startup_stm32f407xx.o(.text)
    CAN1_RX0_IRQHandler                      0x080001b7   Thumb Code     0  startup_stm32f407xx.o(.text)
    CAN1_RX1_IRQHandler                      0x080001b7   Thumb Code     0  startup_stm32f407xx.o(.text)
    CAN1_SCE_IRQHandler                      0x080001b7   Thumb Code     0  startup_stm32f407xx.o(.text)
    CAN1_TX_IRQHandler                       0x080001b7   Thumb Code     0  startup_stm32f407xx.o(.text)
    CAN2_RX0_IRQHandler                      0x080001b7   Thumb Code     0  startup_stm32f407xx.o(.text)
    CAN2_RX1_IRQHandler                      0x080001b7   Thumb Code     0  startup_stm32f407xx.o(.text)
    CAN2_SCE_IRQHandler                      0x080001b7   Thumb Code     0  startup_stm32f407xx.o(.text)
    CAN2_TX_IRQHandler                       0x080001b7   Thumb Code     0  startup_stm32f407xx.o(.text)
    DCMI_IRQHandler                          0x080001b7   Thumb Code     0  startup_stm32f407xx.o(.text)
    DMA1_Stream0_IRQHandler                  0x080001b7   Thumb Code     0  startup_stm32f407xx.o(.text)
    DMA1_Stream1_IRQHandler                  0x080001b7   Thumb Code     0  startup_stm32f407xx.o(.text)
    DMA1_Stream2_IRQHandler                  0x080001b7   Thumb Code     0  startup_stm32f407xx.o(.text)
    DMA1_Stream3_IRQHandler                  0x080001b7   Thumb Code     0  startup_stm32f407xx.o(.text)
    DMA1_Stream4_IRQHandler                  0x080001b7   Thumb Code     0  startup_stm32f407xx.o(.text)
    DMA1_Stream5_IRQHandler                  0x080001b7   Thumb Code     0  startup_stm32f407xx.o(.text)
    DMA1_Stream6_IRQHandler                  0x080001b7   Thumb Code     0  startup_stm32f407xx.o(.text)
    DMA1_Stream7_IRQHandler                  0x080001b7   Thumb Code     0  startup_stm32f407xx.o(.text)
    DMA2_Stream0_IRQHandler                  0x080001b7   Thumb Code     0  startup_stm32f407xx.o(.text)
    DMA2_Stream1_IRQHandler                  0x080001b7   Thumb Code     0  startup_stm32f407xx.o(.text)
    DMA2_Stream2_IRQHandler                  0x080001b7   Thumb Code     0  startup_stm32f407xx.o(.text)
    DMA2_Stream3_IRQHandler                  0x080001b7   Thumb Code     0  startup_stm32f407xx.o(.text)
    DMA2_Stream4_IRQHandler                  0x080001b7   Thumb Code     0  startup_stm32f407xx.o(.text)
    DMA2_Stream5_IRQHandler                  0x080001b7   Thumb Code     0  startup_stm32f407xx.o(.text)
    DMA2_Stream6_IRQHandler                  0x080001b7   Thumb Code     0  startup_stm32f407xx.o(.text)
    DMA2_Stream7_IRQHandler                  0x080001b7   Thumb Code     0  startup_stm32f407xx.o(.text)
    ETH_IRQHandler                           0x080001b7   Thumb Code     0  startup_stm32f407xx.o(.text)
    ETH_WKUP_IRQHandler                      0x080001b7   Thumb Code     0  startup_stm32f407xx.o(.text)
    EXTI0_IRQHandler                         0x080001b7   Thumb Code     0  startup_stm32f407xx.o(.text)
    EXTI15_10_IRQHandler                     0x080001b7   Thumb Code     0  startup_stm32f407xx.o(.text)
    EXTI1_IRQHandler                         0x080001b7   Thumb Code     0  startup_stm32f407xx.o(.text)
    EXTI2_IRQHandler                         0x080001b7   Thumb Code     0  startup_stm32f407xx.o(.text)
    EXTI3_IRQHandler                         0x080001b7   Thumb Code     0  startup_stm32f407xx.o(.text)
    EXTI4_IRQHandler                         0x080001b7   Thumb Code     0  startup_stm32f407xx.o(.text)
    EXTI9_5_IRQHandler                       0x080001b7   Thumb Code     0  startup_stm32f407xx.o(.text)
    FLASH_IRQHandler                         0x080001b7   Thumb Code     0  startup_stm32f407xx.o(.text)
    FMC_IRQHandler                           0x080001b7   Thumb Code     0  startup_stm32f407xx.o(.text)
    FPU_IRQHandler                           0x080001b7   Thumb Code     0  startup_stm32f407xx.o(.text)
    HASH_RNG_IRQHandler                      0x080001b7   Thumb Code     0  startup_stm32f407xx.o(.text)
    I2C1_ER_IRQHandler                       0x080001b7   Thumb Code     0  startup_stm32f407xx.o(.text)
    I2C1_EV_IRQHandler                       0x080001b7   Thumb Code     0  startup_stm32f407xx.o(.text)
    I2C2_ER_IRQHandler                       0x080001b7   Thumb Code     0  startup_stm32f407xx.o(.text)
    I2C2_EV_IRQHandler                       0x080001b7   Thumb Code     0  startup_stm32f407xx.o(.text)
    I2C3_ER_IRQHandler                       0x080001b7   Thumb Code     0  startup_stm32f407xx.o(.text)
    I2C3_EV_IRQHandler                       0x080001b7   Thumb Code     0  startup_stm32f407xx.o(.text)
    OTG_FS_IRQHandler                        0x080001b7   Thumb Code     0  startup_stm32f407xx.o(.text)
    OTG_FS_WKUP_IRQHandler                   0x080001b7   Thumb Code     0  startup_stm32f407xx.o(.text)
    OTG_HS_EP1_IN_IRQHandler                 0x080001b7   Thumb Code     0  startup_stm32f407xx.o(.text)
    OTG_HS_EP1_OUT_IRQHandler                0x080001b7   Thumb Code     0  startup_stm32f407xx.o(.text)
    OTG_HS_IRQHandler                        0x080001b7   Thumb Code     0  startup_stm32f407xx.o(.text)
    OTG_HS_WKUP_IRQHandler                   0x080001b7   Thumb Code     0  startup_stm32f407xx.o(.text)
    PVD_IRQHandler                           0x080001b7   Thumb Code     0  startup_stm32f407xx.o(.text)
    RCC_IRQHandler                           0x080001b7   Thumb Code     0  startup_stm32f407xx.o(.text)
    RTC_Alarm_IRQHandler                     0x080001b7   Thumb Code     0  startup_stm32f407xx.o(.text)
    RTC_WKUP_IRQHandler                      0x080001b7   Thumb Code     0  startup_stm32f407xx.o(.text)
    SDIO_IRQHandler                          0x080001b7   Thumb Code     0  startup_stm32f407xx.o(.text)
    SPI1_IRQHandler                          0x080001b7   Thumb Code     0  startup_stm32f407xx.o(.text)
    SPI2_IRQHandler                          0x080001b7   Thumb Code     0  startup_stm32f407xx.o(.text)
    SPI3_IRQHandler                          0x080001b7   Thumb Code     0  startup_stm32f407xx.o(.text)
    TAMP_STAMP_IRQHandler                    0x080001b7   Thumb Code     0  startup_stm32f407xx.o(.text)
    TIM1_BRK_TIM9_IRQHandler                 0x080001b7   Thumb Code     0  startup_stm32f407xx.o(.text)
    TIM1_CC_IRQHandler                       0x080001b7   Thumb Code     0  startup_stm32f407xx.o(.text)
    TIM1_TRG_COM_TIM11_IRQHandler            0x080001b7   Thumb Code     0  startup_stm32f407xx.o(.text)
    TIM1_UP_TIM10_IRQHandler                 0x080001b7   Thumb Code     0  startup_stm32f407xx.o(.text)
    TIM2_IRQHandler                          0x080001b7   Thumb Code     0  startup_stm32f407xx.o(.text)
    TIM3_IRQHandler                          0x080001b7   Thumb Code     0  startup_stm32f407xx.o(.text)
    TIM4_IRQHandler                          0x080001b7   Thumb Code     0  startup_stm32f407xx.o(.text)
    TIM5_IRQHandler                          0x080001b7   Thumb Code     0  startup_stm32f407xx.o(.text)
    TIM6_DAC_IRQHandler                      0x080001b7   Thumb Code     0  startup_stm32f407xx.o(.text)
    TIM7_IRQHandler                          0x080001b7   Thumb Code     0  startup_stm32f407xx.o(.text)
    TIM8_BRK_TIM12_IRQHandler                0x080001b7   Thumb Code     0  startup_stm32f407xx.o(.text)
    TIM8_CC_IRQHandler                       0x080001b7   Thumb Code     0  startup_stm32f407xx.o(.text)
    TIM8_TRG_COM_TIM14_IRQHandler            0x080001b7   Thumb Code     0  startup_stm32f407xx.o(.text)
    TIM8_UP_TIM13_IRQHandler                 0x080001b7   Thumb Code     0  startup_stm32f407xx.o(.text)
    UART4_IRQHandler                         0x080001b7   Thumb Code     0  startup_stm32f407xx.o(.text)
    UART5_IRQHandler                         0x080001b7   Thumb Code     0  startup_stm32f407xx.o(.text)
    USART1_IRQHandler                        0x080001b7   Thumb Code     0  startup_stm32f407xx.o(.text)
    USART2_IRQHandler                        0x080001b7   Thumb Code     0  startup_stm32f407xx.o(.text)
    USART3_IRQHandler                        0x080001b7   Thumb Code     0  startup_stm32f407xx.o(.text)
    USART6_IRQHandler                        0x080001b7   Thumb Code     0  startup_stm32f407xx.o(.text)
    WWDG_IRQHandler                          0x080001b7   Thumb Code     0  startup_stm32f407xx.o(.text)
    __aeabi_uldivmod                         0x080001c1   Thumb Code    98  uldiv.o(.text)
    rand                                     0x08000225   Thumb Code    20  rand.o(.text)
    srand                                    0x08000239   Thumb Code     6  rand.o(.text)
    ___aeabi_memcpy4$move                    0x08000249   Thumb Code     0  memmovea.o(.text)
    ___aeabi_memcpy8$move                    0x08000249   Thumb Code     0  memmovea.o(.text)
    __aeabi_memcpy                           0x08000249   Thumb Code    64  memmovea.o(.text)
    __aeabi_memmove                          0x08000249   Thumb Code     0  memmovea.o(.text)
    __aeabi_memmove4                         0x08000249   Thumb Code     0  memmovea.o(.text)
    __aeabi_memmove8                         0x08000249   Thumb Code     0  memmovea.o(.text)
    __aeabi_memset                           0x08000289   Thumb Code    14  memseta.o(.text)
    __aeabi_memset4                          0x08000289   Thumb Code     0  memseta.o(.text)
    __aeabi_memset8                          0x08000289   Thumb Code     0  memseta.o(.text)
    __aeabi_memclr                           0x08000297   Thumb Code     4  memseta.o(.text)
    __aeabi_memclr4                          0x08000297   Thumb Code     0  memseta.o(.text)
    __aeabi_memclr8                          0x08000297   Thumb Code     0  memseta.o(.text)
    _memset$wrapper                          0x0800029b   Thumb Code    18  memseta.o(.text)
    strstr                                   0x080002ad   Thumb Code    36  strstr.o(.text)
    strchr                                   0x080002d1   Thumb Code    20  strchr.o(.text)
    strlen                                   0x080002e5   Thumb Code    14  strlen.o(.text)
    strcmp                                   0x080002f3   Thumb Code    28  strcmp.o(.text)
    memcmp                                   0x0800030f   Thumb Code    26  memcmp.o(.text)
    strncmp                                  0x08000329   Thumb Code    30  strncmp.o(.text)
    __aeabi_dmul                             0x08000347   Thumb Code   228  dmul.o(.text)
    __aeabi_ui2d                             0x0800042b   Thumb Code    26  dfltui.o(.text)
    __aeabi_d2uiz                            0x08000445   Thumb Code    50  dfixui.o(.text)
    __aeabi_uidiv                            0x08000477   Thumb Code     0  uidiv.o(.text)
    __aeabi_uidivmod                         0x08000477   Thumb Code    44  uidiv.o(.text)
    __aeabi_llsl                             0x080004a3   Thumb Code    30  llshl.o(.text)
    _ll_shift_l                              0x080004a3   Thumb Code     0  llshl.o(.text)
    __aeabi_llsr                             0x080004c1   Thumb Code    32  llushr.o(.text)
    _ll_ushift_r                             0x080004c1   Thumb Code     0  llushr.o(.text)
    __I$use$fp                               0x080004e1   Thumb Code     0  iusefp.o(.text)
    _double_round                            0x080004e1   Thumb Code    30  depilogue.o(.text)
    _double_epilogue                         0x080004ff   Thumb Code   156  depilogue.o(.text)
    __scatterload                            0x0800059d   Thumb Code    28  init.o(.text)
    __scatterload_rt2                        0x0800059d   Thumb Code     0  init.o(.text)
    __decompress                             0x080005c1   Thumb Code     0  __dczerorl2.o(.text)
    __decompress1                            0x080005c1   Thumb Code    86  __dczerorl2.o(.text)
    ADC_Handler                              0x0800065d   Thumb Code   148  httpd_cgi_ssi.o(i.ADC_Handler)
    BSP_LCD_DisplayChar                      0x08000829   Thumb Code    32  stm324xg_eval_lcd.o(i.BSP_LCD_DisplayChar)
    BSP_LCD_DisplayStringAt                  0x0800084d   Thumb Code   150  stm324xg_eval_lcd.o(i.BSP_LCD_DisplayStringAt)
    BSP_LCD_DisplayStringAtLine              0x080008e9   Thumb Code    22  stm324xg_eval_lcd.o(i.BSP_LCD_DisplayStringAtLine)
    BSP_LCD_DrawPixel                        0x08000905   Thumb Code    14  stm324xg_eval_lcd.o(i.BSP_LCD_DrawPixel)
    BSP_LCD_GetFont                          0x08000919   Thumb Code     6  stm324xg_eval_lcd.o(i.BSP_LCD_GetFont)
    BSP_LCD_GetXSize                         0x08000925   Thumb Code     8  stm324xg_eval_lcd.o(i.BSP_LCD_GetXSize)
    BSP_LCD_SetTextColor                     0x08000931   Thumb Code     6  stm324xg_eval_lcd.o(i.BSP_LCD_SetTextColor)
    BSP_LED_Init                             0x0800093d   Thumb Code   104  stm324xg_eval.o(i.BSP_LED_Init)
    BSP_LED_Off                              0x080009b1   Thumb Code    18  stm324xg_eval.o(i.BSP_LED_Off)
    BSP_LED_On                               0x080009cd   Thumb Code    18  stm324xg_eval.o(i.BSP_LED_On)
    BusFault_Handler                         0x080009e9   Thumb Code     2  stm32f4xx_it.o(i.BusFault_Handler)
    DebugMon_Handler                         0x080009eb   Thumb Code     2  stm32f4xx_it.o(i.DebugMon_Handler)
    ETH_PHY_IO_DeInit                        0x08000bc5   Thumb Code     4  ethernetif.o(i.ETH_PHY_IO_DeInit)
    ETH_PHY_IO_GetTick                       0x08000bc9   Thumb Code     4  ethernetif.o(i.ETH_PHY_IO_GetTick)
    ETH_PHY_IO_Init                          0x08000bcd   Thumb Code    12  ethernetif.o(i.ETH_PHY_IO_Init)
    ETH_PHY_IO_ReadReg                       0x08000bdd   Thumb Code    24  ethernetif.o(i.ETH_PHY_IO_ReadReg)
    ETH_PHY_IO_WriteReg                      0x08000bf9   Thumb Code    24  ethernetif.o(i.ETH_PHY_IO_WriteReg)
    HAL_ADC_ConfigChannel                    0x08000fdd   Thumb Code   316  stm32f4xx_hal_adc.o(i.HAL_ADC_ConfigChannel)
    HAL_ADC_GetValue                         0x08001129   Thumb Code     6  stm32f4xx_hal_adc.o(i.HAL_ADC_GetValue)
    HAL_ADC_Init                             0x0800112f   Thumb Code    84  stm32f4xx_hal_adc.o(i.HAL_ADC_Init)
    HAL_ADC_MspInit                          0x08001185   Thumb Code    68  stm32f4xx_hal_msp.o(i.HAL_ADC_MspInit)
    HAL_ADC_PollForConversion                0x080011d1   Thumb Code   170  stm32f4xx_hal_adc.o(i.HAL_ADC_PollForConversion)
    HAL_ADC_Start                            0x0800127d   Thumb Code   228  stm32f4xx_hal_adc.o(i.HAL_ADC_Start)
    HAL_Delay                                0x08001379   Thumb Code    32  stm32f4xx_hal.o(i.HAL_Delay)
    HAL_ETH_GetMACConfig                     0x0800139d   Thumb Code   222  stm32f4xx_hal_eth.o(i.HAL_ETH_GetMACConfig)
    HAL_ETH_Init                             0x0800147d   Thumb Code   258  stm32f4xx_hal_eth.o(i.HAL_ETH_Init)
    HAL_ETH_MspInit                          0x0800158d   Thumb Code   222  ethernetif.o(i.HAL_ETH_MspInit)
    HAL_ETH_ReadData                         0x08001685   Thumb Code   264  stm32f4xx_hal_eth.o(i.HAL_ETH_ReadData)
    HAL_ETH_ReadPHYRegister                  0x0800178d   Thumb Code    98  stm32f4xx_hal_eth.o(i.HAL_ETH_ReadPHYRegister)
    HAL_ETH_RxAllocateCallback               0x080017f1   Thumb Code    58  ethernetif.o(i.HAL_ETH_RxAllocateCallback)
    HAL_ETH_RxLinkCallback                   0x08001839   Thumb Code    42  ethernetif.o(i.HAL_ETH_RxLinkCallback)
    HAL_ETH_SetMACConfig                     0x08001863   Thumb Code    24  stm32f4xx_hal_eth.o(i.HAL_ETH_SetMACConfig)
    HAL_ETH_SetMDIOClockRange                0x0800187d   Thumb Code    84  stm32f4xx_hal_eth.o(i.HAL_ETH_SetMDIOClockRange)
    HAL_ETH_Start                            0x080018f1   Thumb Code   124  stm32f4xx_hal_eth.o(i.HAL_ETH_Start)
    HAL_ETH_Stop                             0x0800196d   Thumb Code   114  stm32f4xx_hal_eth.o(i.HAL_ETH_Stop)
    HAL_ETH_Transmit                         0x080019df   Thumb Code   182  stm32f4xx_hal_eth.o(i.HAL_ETH_Transmit)
    HAL_ETH_WritePHYRegister                 0x08001a95   Thumb Code    86  stm32f4xx_hal_eth.o(i.HAL_ETH_WritePHYRegister)
    HAL_GPIO_Init                            0x08001aed   Thumb Code   450  stm32f4xx_hal_gpio.o(i.HAL_GPIO_Init)
    HAL_GPIO_WritePin                        0x08001cdd   Thumb Code    10  stm32f4xx_hal_gpio.o(i.HAL_GPIO_WritePin)
    HAL_GetREVID                             0x08001ce9   Thumb Code     8  stm32f4xx_hal.o(i.HAL_GetREVID)
    HAL_GetTick                              0x08001cf5   Thumb Code     6  stm32f4xx_hal.o(i.HAL_GetTick)
    HAL_IncTick                              0x08001d01   Thumb Code    12  stm32f4xx_hal.o(i.HAL_IncTick)
    HAL_Init                                 0x08001d11   Thumb Code    40  stm32f4xx_hal.o(i.HAL_Init)
    HAL_InitTick                             0x08001d3d   Thumb Code    54  stm32f4xx_hal.o(i.HAL_InitTick)
    HAL_MspInit                              0x08001d7d   Thumb Code     2  stm32f4xx_hal.o(i.HAL_MspInit)
    HAL_NVIC_SetPriority                     0x08001d81   Thumb Code    60  stm32f4xx_hal_cortex.o(i.HAL_NVIC_SetPriority)
    HAL_NVIC_SetPriorityGrouping             0x08001dc1   Thumb Code    26  stm32f4xx_hal_cortex.o(i.HAL_NVIC_SetPriorityGrouping)
    HAL_RCC_ClockConfig                      0x08001de5   Thumb Code   288  stm32f4xx_hal_rcc.o(i.HAL_RCC_ClockConfig)
    HAL_RCC_GetHCLKFreq                      0x08001f19   Thumb Code     6  stm32f4xx_hal_rcc.o(i.HAL_RCC_GetHCLKFreq)
    HAL_RCC_GetSysClockFreq                  0x08001f25   Thumb Code    88  stm32f4xx_hal_rcc.o(i.HAL_RCC_GetSysClockFreq)
    HAL_RCC_OscConfig                        0x08001f89   Thumb Code   856  stm32f4xx_hal_rcc.o(i.HAL_RCC_OscConfig)
    HAL_SYSTICK_Config                       0x080022f5   Thumb Code    40  stm32f4xx_hal_cortex.o(i.HAL_SYSTICK_Config)
    HardFault_Handler                        0x0800231d   Thumb Code     2  stm32f4xx_it.o(i.HardFault_Handler)
    LAN8742_GetLinkState                     0x0800231f   Thumb Code   148  lan8742.o(i.LAN8742_GetLinkState)
    LAN8742_Init                             0x080023b3   Thumb Code   204  lan8742.o(i.LAN8742_Init)
    LAN8742_RegisterBusIO                    0x0800247f   Thumb Code    44  lan8742.o(i.LAN8742_RegisterBusIO)
    LCD_LOG_UpdateDisplay                    0x080024ad   Thumb Code   128  lcd_log.o(i.LCD_LOG_UpdateDisplay)
    LEDS_CGI_Handler                         0x08002535   Thumb Code   130  httpd_cgi_ssi.o(i.LEDS_CGI_Handler)
    MX_GPIO_Init                             0x080025e1   Thumb Code   142  main.o(i.MX_GPIO_Init)
    MemManage_Handler                        0x0800267d   Thumb Code     2  stm32f4xx_it.o(i.MemManage_Handler)
    NMI_Handler                              0x0800267f   Thumb Code     2  stm32f4xx_it.o(i.NMI_Handler)
    SysTick_Handler                          0x08002681   Thumb Code     4  stm32f4xx_it.o(i.SysTick_Handler)
    SystemInit                               0x08002711   Thumb Code    66  system_stm32f4xx.o(i.SystemInit)
    UsageFault_Handler                       0x08002765   Thumb Code     2  stm32f4xx_it.o(i.UsageFault_Handler)
    __0printf$3                              0x08002769   Thumb Code    22  printf3.o(i.__0printf$3)
    __1printf$3                              0x08002769   Thumb Code     0  printf3.o(i.__0printf$3)
    __2printf                                0x08002769   Thumb Code     0  printf3.o(i.__0printf$3)
    __scatterload_copy                       0x080027a9   Thumb Code    14  handlers.o(i.__scatterload_copy)
    __scatterload_null                       0x080027b7   Thumb Code     2  handlers.o(i.__scatterload_null)
    __scatterload_zeroinit                   0x080027b9   Thumb Code    14  handlers.o(i.__scatterload_zeroinit)
    etharp_cleanup_netif                     0x08002ae1   Thumb Code    40  etharp.o(i.etharp_cleanup_netif)
    etharp_input                             0x08002d5d   Thumb Code   148  etharp.o(i.etharp_input)
    etharp_output                            0x08002e2d   Thumb Code   280  etharp.o(i.etharp_output)
    etharp_query                             0x08003085   Thumb Code   298  etharp.o(i.etharp_query)
    etharp_request                           0x08003379   Thumb Code     6  etharp.o(i.etharp_request)
    etharp_tmr                               0x080033a5   Thumb Code    90  etharp.o(i.etharp_tmr)
    ethernet_input                           0x080034ed   Thumb Code   160  ethernet.o(i.ethernet_input)
    ethernet_link_check_state                0x08003591   Thumb Code   134  ethernetif.o(i.ethernet_link_check_state)
    ethernet_link_status_updated             0x08003621   Thumb Code    42  app_ethernet.o(i.ethernet_link_status_updated)
    ethernet_output                          0x0800364d   Thumb Code    98  ethernet.o(i.ethernet_output)
    ethernetif_init                          0x08003711   Thumb Code    50  ethernetif.o(i.ethernetif_init)
    ethernetif_input                         0x08003799   Thumb Code    50  ethernetif.o(i.ethernetif_input)
    fputc                                    0x08003839   Thumb Code   252  lcd_log.o(i.fputc)
    fs_bytes_left                            0x0800393d   Thumb Code     8  fs.o(i.fs_bytes_left)
    fs_close                                 0x08003945   Thumb Code     2  fs.o(i.fs_close)
    fs_open                                  0x08003949   Thumb Code    64  fs.o(i.fs_open)
    http_server_init                         0x08004611   Thumb Code    42  httpd_cgi_ssi.o(i.http_server_init)
    http_set_cgi_handlers                    0x08004649   Thumb Code    48  httpd.o(i.http_set_cgi_handlers)
    http_set_ssi_handler                     0x080046d5   Thumb Code    72  httpd.o(i.http_set_ssi_handler)
    httpd_init                               0x080048d5   Thumb Code    38  httpd.o(i.httpd_init)
    icmp_dest_unreach                        0x080049e1   Thumb Code     8  icmp.o(i.icmp_dest_unreach)
    icmp_input                               0x080049e9   Thumb Code   286  icmp.o(i.icmp_input)
    icmp_time_exceeded                       0x08004c81   Thumb Code     8  icmp.o(i.icmp_time_exceeded)
    inet_chksum_pbuf                         0x08004c89   Thumb Code    74  inet_chksum.o(i.inet_chksum_pbuf)
    ip4_addr_isbroadcast_u32                 0x08004cd3   Thumb Code    46  ip4_addr.o(i.ip4_addr_isbroadcast_u32)
    ip4_frag                                 0x08004d01   Thumb Code   426  ip4_frag.o(i.ip4_frag)
    ip4_input                                0x08004f29   Thumb Code   364  ip4.o(i.ip4_input)
    ip4_output_if                            0x080050c9   Thumb Code    30  ip4.o(i.ip4_output_if)
    ip4_output_if_src                        0x080050e9   Thumb Code   214  ip4.o(i.ip4_output_if_src)
    ip4_reass                                0x08005231   Thumb Code   482  ip4_frag.o(i.ip4_reass)
    ip4_route                                0x08005481   Thumb Code    86  ip4.o(i.ip4_route)
    ip_reass_tmr                             0x080059a5   Thumb Code    40  ip4_frag.o(i.ip_reass_tmr)
    lwip_htonl                               0x08005b99   Thumb Code     4  def.o(i.lwip_htonl)
    lwip_htons                               0x08005b9d   Thumb Code     4  def.o(i.lwip_htons)
    lwip_init                                0x08005ba1   Thumb Code    30  init.o(i.lwip_init)
    lwip_standard_chksum                     0x08005bc1   Thumb Code    88  inet_chksum.o(i.lwip_standard_chksum)
    lwip_stricmp                             0x08005c19   Thumb Code    48  def.o(i.lwip_stricmp)
    lwip_strnstr                             0x08005c49   Thumb Code    64  def.o(i.lwip_strnstr)
    main                                     0x08005c89   Thumb Code   132  main.o(i.main)
    mem_free                                 0x08005d25   Thumb Code   168  mem.o(i.mem_free)
    mem_init                                 0x08005ed5   Thumb Code    46  mem.o(i.mem_init)
    mem_malloc                               0x08005f0d   Thumb Code   300  mem.o(i.mem_malloc)
    mem_trim                                 0x08006169   Thumb Code   284  mem.o(i.mem_trim)
    memp_free                                0x0800633d   Thumb Code    34  memp.o(i.memp_free)
    memp_free_pool                           0x080063e9   Thumb Code    26  memp.o(i.memp_free_pool)
    memp_init                                0x08006481   Thumb Code    26  memp.o(i.memp_init)
    memp_init_pool                           0x080064a1   Thumb Code    42  memp.o(i.memp_init_pool)
    memp_malloc                              0x080064cd   Thumb Code    38  memp.o(i.memp_malloc)
    memp_malloc_pool                         0x08006581   Thumb Code    30  memp.o(i.memp_malloc_pool)
    netif_add                                0x0800661d   Thumb Code   236  netif.o(i.netif_add)
    netif_get_by_index                       0x08006915   Thumb Code    34  netif.o(i.netif_get_by_index)
    netif_init                               0x0800693d   Thumb Code     2  netif.o(i.netif_init)
    netif_set_addr                           0x08006a15   Thumb Code    90  netif.o(i.netif_set_addr)
    netif_set_default                        0x08006a75   Thumb Code     6  netif.o(i.netif_set_default)
    netif_set_down                           0x08006a81   Thumb Code    42  netif.o(i.netif_set_down)
    netif_set_link_callback                  0x08006b35   Thumb Code     8  netif.o(i.netif_set_link_callback)
    netif_set_link_down                      0x08006b3d   Thumb Code    42  netif.o(i.netif_set_link_down)
    netif_set_link_up                        0x08006bf5   Thumb Code    64  netif.o(i.netif_set_link_up)
    netif_set_up                             0x08006cc1   Thumb Code    40  netif.o(i.netif_set_up)
    pbuf_add_header                          0x08006d6d   Thumb Code     6  pbuf.o(i.pbuf_add_header)
    pbuf_alloc                               0x08006e45   Thumb Code   300  pbuf.o(i.pbuf_alloc)
    pbuf_alloc_reference                     0x08007085   Thumb Code    68  pbuf.o(i.pbuf_alloc_reference)
    pbuf_alloced_custom                      0x08007145   Thumb Code    54  pbuf.o(i.pbuf_alloced_custom)
    pbuf_cat                                 0x0800717d   Thumb Code    96  pbuf.o(i.pbuf_cat)
    pbuf_clen                                0x080072bd   Thumb Code    18  pbuf.o(i.pbuf_clen)
    pbuf_clone                               0x080072d1   Thumb Code    50  pbuf.o(i.pbuf_clone)
    pbuf_copy                                0x08007381   Thumb Code   234  pbuf.o(i.pbuf_copy)
    pbuf_copy_partial                        0x08007575   Thumb Code   124  pbuf.o(i.pbuf_copy_partial)
    pbuf_free                                0x0800769d   Thumb Code   164  pbuf.o(i.pbuf_free)
    pbuf_free_custom                         0x08007805   Thumb Code    24  ethernetif.o(i.pbuf_free_custom)
    pbuf_header_force                        0x08007825   Thumb Code     6  pbuf.o(i.pbuf_header_force)
    pbuf_realloc                             0x08007855   Thumb Code   144  pbuf.o(i.pbuf_realloc)
    pbuf_ref                                 0x08007999   Thumb Code    32  pbuf.o(i.pbuf_ref)
    pbuf_remove_header                       0x08007a35   Thumb Code    74  pbuf.o(i.pbuf_remove_header)
    sys_check_timeouts                       0x08007cd1   Thumb Code    62  timeouts.o(i.sys_check_timeouts)
    sys_now                                  0x08007d15   Thumb Code     4  ethernetif.o(i.sys_now)
    sys_timeout                              0x08007d19   Thumb Code    46  timeouts.o(i.sys_timeout)
    sys_timeouts_init                        0x08007e75   Thumb Code    30  timeouts.o(i.sys_timeouts_init)
    tcp_abandon                              0x08007e9d   Thumb Code   246  tcp.o(i.tcp_abandon)
    tcp_abort                                0x08008051   Thumb Code     6  tcp.o(i.tcp_abort)
    tcp_accept                               0x08008057   Thumb Code    14  tcp.o(i.tcp_accept)
    tcp_alloc                                0x0800810d   Thumb Code   282  tcp.o(i.tcp_alloc)
    tcp_arg                                  0x08008235   Thumb Code     8  tcp.o(i.tcp_arg)
    tcp_bind                                 0x0800823d   Thumb Code   168  tcp.o(i.tcp_bind)
    tcp_close                                0x08008399   Thumb Code    48  tcp.o(i.tcp_close)
    tcp_eff_send_mss_netif                   0x08008825   Thumb Code    54  tcp.o(i.tcp_eff_send_mss_netif)
    tcp_enqueue_flags                        0x080088ed   Thumb Code   264  tcp_out.o(i.tcp_enqueue_flags)
    tcp_err                                  0x08008aed   Thumb Code    34  tcp.o(i.tcp_err)
    tcp_fasttmr                              0x08008ba1   Thumb Code   102  tcp.o(i.tcp_fasttmr)
    tcp_free                                 0x08008c0d   Thumb Code    34  tcp.o(i.tcp_free)
    tcp_init                                 0x08008e85   Thumb Code    20  tcp.o(i.tcp_init)
    tcp_input                                0x08008e9d   Thumb Code  1558  tcp_in.o(i.tcp_input)
    tcp_keepalive                            0x0800955d   Thumb Code    82  tcp_out.o(i.tcp_keepalive)
    tcp_listen_with_backlog                  0x080098f9   Thumb Code     6  tcp.o(i.tcp_listen_with_backlog)
    tcp_listen_with_backlog_and_err          0x08009901   Thumb Code   182  tcp.o(i.tcp_listen_with_backlog_and_err)
    tcp_netif_ip_addr_changed                0x08009a91   Thumb Code    70  tcp.o(i.tcp_netif_ip_addr_changed)
    tcp_new_ip_type                          0x08009bad   Thumb Code     6  tcp.o(i.tcp_new_ip_type)
    tcp_next_iss                             0x08009c15   Thumb Code    32  tcp.o(i.tcp_next_iss)
    tcp_output                               0x08009cbd   Thumb Code   552  tcp_out.o(i.tcp_output)
    tcp_pcb_purge                            0x0800a649   Thumb Code    78  tcp.o(i.tcp_pcb_purge)
    tcp_pcb_remove                           0x0800a71d   Thumb Code   156  tcp.o(i.tcp_pcb_remove)
    tcp_poll                                 0x0800a891   Thumb Code    58  tcp.o(i.tcp_poll)
    tcp_process_refused_data                 0x0800adfd   Thumb Code   134  tcp.o(i.tcp_process_refused_data)
    tcp_recv                                 0x0800b465   Thumb Code    34  tcp.o(i.tcp_recv)
    tcp_recv_null                            0x0800b519   Thumb Code    60  tcp.o(i.tcp_recv_null)
    tcp_recved                               0x0800b5d9   Thumb Code   106  tcp.o(i.tcp_recved)
    tcp_rexmit                               0x0800b745   Thumb Code   118  tcp_out.o(i.tcp_rexmit)
    tcp_rexmit_fast                          0x0800b801   Thumb Code   108  tcp_out.o(i.tcp_rexmit_fast)
    tcp_rexmit_rto                           0x0800b8b9   Thumb Code    42  tcp_out.o(i.tcp_rexmit_rto)
    tcp_rexmit_rto_commit                    0x0800b92d   Thumb Code    44  tcp_out.o(i.tcp_rexmit_rto_commit)
    tcp_rexmit_rto_prepare                   0x0800b9a9   Thumb Code   118  tcp_out.o(i.tcp_rexmit_rto_prepare)
    tcp_rst                                  0x0800ba81   Thumb Code   126  tcp_out.o(i.tcp_rst)
    tcp_seg_free                             0x0800bb65   Thumb Code    28  tcp.o(i.tcp_seg_free)
    tcp_segs_free                            0x0800bb81   Thumb Code    18  tcp.o(i.tcp_segs_free)
    tcp_send_empty_ack                       0x0800bb95   Thumb Code   110  tcp_out.o(i.tcp_send_empty_ack)
    tcp_send_fin                             0x0800bc51   Thumb Code    84  tcp_out.o(i.tcp_send_fin)
    tcp_sent                                 0x0800bced   Thumb Code    32  tcp.o(i.tcp_sent)
    tcp_setprio                              0x0800bd9d   Thumb Code    20  tcp.o(i.tcp_setprio)
    tcp_slowtmr                              0x0800be35   Thumb Code  1394  tcp.o(i.tcp_slowtmr)
    tcp_split_unsent_seg                     0x0800c3f9   Thumb Code   356  tcp_out.o(i.tcp_split_unsent_seg)
    tcp_timer_needed                         0x0800c5f1   Thumb Code    36  timeouts.o(i.tcp_timer_needed)
    tcp_tmr                                  0x0800c6f1   Thumb Code    28  tcp.o(i.tcp_tmr)
    tcp_trigger_input_pcb_close              0x0800c711   Thumb Code    12  tcp_in.o(i.tcp_trigger_input_pcb_close)
    tcp_update_rcv_ann_wnd                   0x0800c721   Thumb Code    92  tcp.o(i.tcp_update_rcv_ann_wnd)
    tcp_write                                0x0800c825   Thumb Code  1664  tcp_out.o(i.tcp_write)
    tcp_zero_window_probe                    0x0800cfe9   Thumb Code   190  tcp_out.o(i.tcp_zero_window_probe)
    udp_init                                 0x0800d131   Thumb Code    20  udp.o(i.udp_init)
    udp_input                                0x0800d149   Thumb Code   310  udp.o(i.udp_input)
    udp_netif_ip_addr_changed                0x0800d45d   Thumb Code    48  udp.o(i.udp_netif_ip_addr_changed)
    AHBPrescTable                            0x0800d490   Data          16  system_stm32f4xx.o(.constdata)
    ip_addr_any                              0x0800d4a0   Data           4  ip4_addr.o(.constdata)
    Font24_Table                             0x0800d4a4   Data        6840  stm324xg_eval_lcd.o(.constdata)
    COM_TX_PIN                               0x0800ef5c   Data           2  stm324xg_eval.o(.constdata)
    COM_RX_PIN                               0x0800ef5e   Data           2  stm324xg_eval.o(.constdata)
    COM_TX_AF                                0x0800ef60   Data           2  stm324xg_eval.o(.constdata)
    COM_RX_AF                                0x0800ef62   Data           2  stm324xg_eval.o(.constdata)
    BUTTON_PIN                               0x0800ef64   Data           6  stm324xg_eval.o(.constdata)
    BUTTON_IRQn                              0x0800ef6a   Data           6  stm324xg_eval.o(.constdata)
    GPIO_PIN                                 0x0800ef70   Data           8  stm324xg_eval.o(.constdata)
    file__STM32F4xx_files_logo_jpg           0x0801bb7c   Data          20  fs.o(.constdata)
    file__STM32F4xx_files_ST_gif             0x0801bb90   Data          20  fs.o(.constdata)
    file__STM32F4xx_files_stm32_jpg          0x0801bba4   Data          20  fs.o(.constdata)
    file__404_html                           0x0801bbb8   Data          20  fs.o(.constdata)
    file__index_html                         0x0801bbcc   Data          20  fs.o(.constdata)
    file__STM32F4xxADC_shtml                 0x0801bbe0   Data          20  fs.o(.constdata)
    file__STM32F4xxLED_html                  0x0801bbf4   Data          20  fs.o(.constdata)
    http_ssi_tag_desc                        0x0801bc44   Data          16  httpd.o(.constdata)
    LEDS_CGI                                 0x0801bc54   Data           8  httpd_cgi_ssi.o(.constdata)
    memp_RX_POOL                             0x0801bc5c   Data          12  ethernetif.o(.constdata)
    ethbroadcast                             0x0801bc68   Data           6  ethernet.o(.constdata)
    ethzero                                  0x0801bc6e   Data           6  ethernet.o(.constdata)
    tcp_pcb_lists                            0x0801bcb8   Data          16  tcp.o(.constdata)
    lwip_cyclic_timers                       0x0801bcc8   Data          24  timeouts.o(.constdata)
    memp_UDP_PCB                             0x0801bce0   Data          12  memp.o(.constdata)
    memp_TCP_PCB                             0x0801bcec   Data          12  memp.o(.constdata)
    memp_TCP_PCB_LISTEN                      0x0801bcf8   Data          12  memp.o(.constdata)
    memp_TCP_SEG                             0x0801bd04   Data          12  memp.o(.constdata)
    memp_REASSDATA                           0x0801bd10   Data          12  memp.o(.constdata)
    memp_FRAG_PBUF                           0x0801bd1c   Data          12  memp.o(.constdata)
    memp_SYS_TIMEOUT                         0x0801bd28   Data          12  memp.o(.constdata)
    memp_PBUF                                0x0801bd34   Data          12  memp.o(.constdata)
    memp_PBUF_POOL                           0x0801bd40   Data          12  memp.o(.constdata)
    memp_pools                               0x0801bd4c   Data          36  memp.o(.constdata)
    Region$$Table$$Base                      0x0801c180   Number         0  anon$$obj.o(Region$$Table)
    Region$$Table$$Limit                     0x0801c1a0   Number         0  anon$$obj.o(Region$$Table)
    SystemCoreClock                          0x20000000   Data           4  system_stm32f4xx.o(.data)
    Font24                                   0x20000014   Data           8  stm324xg_eval_lcd.o(.data)
    COM_USART                                0x20000020   Data           4  stm324xg_eval.o(.data)
    COM_TX_PORT                              0x20000024   Data           4  stm324xg_eval.o(.data)
    COM_RX_PORT                              0x20000028   Data           4  stm324xg_eval.o(.data)
    GPIO_PORT                                0x2000002c   Data          16  stm324xg_eval.o(.data)
    BUTTON_PORT                              0x2000003c   Data          12  stm324xg_eval.o(.data)
    uwTickFreq                               0x20000048   Data           1  stm32f4xx_hal.o(.data)
    uwTickPrio                               0x2000004c   Data           4  stm32f4xx_hal.o(.data)
    uwTick                                   0x20000050   Data           4  stm32f4xx_hal.o(.data)
    LCD_CacheBuffer_yptr_invert              0x2000006c   Data           1  lcd_log.o(.data)
    LCD_ScrollActive                         0x2000006d   Data           1  lcd_log.o(.data)
    LCD_Lock                                 0x2000006e   Data           1  lcd_log.o(.data)
    LCD_Scrolled                             0x2000006f   Data           1  lcd_log.o(.data)
    LCD_CacheBuffer_xptr                     0x20000070   Data           2  lcd_log.o(.data)
    LCD_CacheBuffer_yptr_top                 0x20000072   Data           2  lcd_log.o(.data)
    LCD_CacheBuffer_yptr_bottom              0x20000074   Data           2  lcd_log.o(.data)
    LCD_CacheBuffer_yptr_top_bak             0x20000076   Data           2  lcd_log.o(.data)
    LCD_CacheBuffer_yptr_bottom_bak          0x20000078   Data           2  lcd_log.o(.data)
    LCD_ScrollBackStep                       0x2000007a   Data           2  lcd_log.o(.data)
    LCD_LineColor                            0x2000007c   Data           4  lcd_log.o(.data)
    ADC_not_configured                       0x20000080   Data           4  httpd_cgi_ssi.o(.data)
    TAGS                                     0x20000084   Data           4  httpd_cgi_ssi.o(.data)
    CGI_TAB                                  0x20000088   Data           8  httpd_cgi_ssi.o(.data)
    TAGCHAR                                  0x20000090   Data           4  httpd_cgi_ssi.o(.data)
    LAN8742_IOCtx                            0x20000098   Data          20  ethernetif.o(.data)
    netif_list                               0x200000b4   Data           4  netif.o(.data)
    netif_default                            0x200000b8   Data           4  netif.o(.data)
    tcp_active_pcbs_changed                  0x200000c8   Data           1  tcp.o(.data)
    tcp_ticks                                0x200000d4   Data           4  tcp.o(.data)
    tcp_bound_pcbs                           0x200000d8   Data           4  tcp.o(.data)
    tcp_listen_pcbs                          0x200000dc   Data           4  tcp.o(.data)
    tcp_active_pcbs                          0x200000e0   Data           4  tcp.o(.data)
    tcp_tw_pcbs                              0x200000e4   Data           4  tcp.o(.data)
    udp_pcbs                                 0x2000011c   Data           4  udp.o(.data)
    tcp_input_pcb                            0x20000140   Data           4  tcp_in.o(.data)
    __stdout                                 0x20000148   Data           4  stdout.o(.data)
    DrawProp                                 0x2000023c   Data          12  stm324xg_eval_lcd.o(.bss)
    LCD_CacheBuffer                          0x20000688   Data       15444  lcd_log.o(.bss)
    gnetif                                   0x200042dc   Data          52  main.o(.bss)
    hadc                                     0x20004310   Data          72  httpd_cgi_ssi.o(.bss)
    DMARxDscrTab                             0x20004358   Data         320  ethernetif.o(.bss)
    DMATxDscrTab                             0x20004498   Data         320  ethernetif.o(.bss)
    EthHandle                                0x200045d8   Data         224  ethernetif.o(.bss)
    TxConfig                                 0x200046b8   Data          56  ethernetif.o(.bss)
    LAN8742                                  0x200046f0   Data          32  ethernetif.o(.bss)
    memp_memory_RX_POOL_base                 0x20004710   Data       18819  ethernetif.o(.bss)
    ram_heap                                 0x20009093   Data       10259  mem.o(.bss)
    ip_data                                  0x2000b8a8   Data          24  ip.o(.bss)
    memp_memory_UDP_PCB_base                 0x2000b8c0   Data         195  memp.o(.bss)
    memp_memory_TCP_PCB_base                 0x2000b983   Data        1523  memp.o(.bss)
    memp_memory_TCP_PCB_LISTEN_base          0x2000bf76   Data         171  memp.o(.bss)
    memp_memory_TCP_SEG_base                 0x2000c021   Data         195  memp.o(.bss)
    memp_memory_REASSDATA_base               0x2000c0e4   Data         163  memp.o(.bss)
    memp_memory_FRAG_PBUF_base               0x2000c187   Data         363  memp.o(.bss)
    memp_memory_SYS_TIMEOUT_base             0x2000c2f2   Data         163  memp.o(.bss)
    memp_memory_PBUF_base                    0x2000c395   Data         323  memp.o(.bss)
    memp_memory_PBUF_POOL_base               0x2000c4d8   Data       12323  memp.o(.bss)
    __initial_sp                             0x2000f910   Data           0  startup_stm32f407xx.o(STACK)



==============================================================================

Memory Map of the image

  Image Entry point : 0x08000189

  Load Region LR_IROM1 (Base: 0x08000000, Size: 0x0001c2ec, Max: 0x00100000, ABSOLUTE, COMPRESSED[0x0001c1ec])

    Execution Region ER_IROM1 (Base: 0x08000000, Size: 0x0001c1a0, Max: 0x00100000, ABSOLUTE)

    Base Addr    Size         Type   Attr      Idx    E Section Name        Object

    0x08000000   0x00000188   Data   RO         1368    RESET               startup_stm32f407xx.o
    0x08000188   0x00000000   Code   RO         6861  * .ARM.Collect$$$$00000000  mc_w.l(entry.o)
    0x08000188   0x00000004   Code   RO         7188    .ARM.Collect$$$$00000001  mc_w.l(entry2.o)
    0x0800018c   0x00000004   Code   RO         7191    .ARM.Collect$$$$00000004  mc_w.l(entry5.o)
    0x08000190   0x00000000   Code   RO         7193    .ARM.Collect$$$$00000008  mc_w.l(entry7b.o)
    0x08000190   0x00000000   Code   RO         7195    .ARM.Collect$$$$0000000A  mc_w.l(entry8b.o)
    0x08000190   0x00000008   Code   RO         7196    .ARM.Collect$$$$0000000B  mc_w.l(entry9a.o)
    0x08000198   0x00000000   Code   RO         7198    .ARM.Collect$$$$0000000D  mc_w.l(entry10a.o)
    0x08000198   0x00000000   Code   RO         7200    .ARM.Collect$$$$0000000F  mc_w.l(entry11a.o)
    0x08000198   0x00000004   Code   RO         7189    .ARM.Collect$$$$00002712  mc_w.l(entry2.o)
    0x0800019c   0x00000024   Code   RO         1369    .text               startup_stm32f407xx.o
    0x080001c0   0x00000062   Code   RO         6864    .text               mc_w.l(uldiv.o)
    0x08000222   0x00000002   PAD
    0x08000224   0x00000024   Code   RO         6894    .text               mc_w.l(rand.o)
    0x08000248   0x00000040   Code   RO         6899    .text               mc_w.l(memmovea.o)
    0x08000288   0x00000024   Code   RO         6901    .text               mc_w.l(memseta.o)
    0x080002ac   0x00000024   Code   RO         6903    .text               mc_w.l(strstr.o)
    0x080002d0   0x00000014   Code   RO         6905    .text               mc_w.l(strchr.o)
    0x080002e4   0x0000000e   Code   RO         6907    .text               mc_w.l(strlen.o)
    0x080002f2   0x0000001c   Code   RO         6909    .text               mc_w.l(strcmp.o)
    0x0800030e   0x0000001a   Code   RO         6911    .text               mc_w.l(memcmp.o)
    0x08000328   0x0000001e   Code   RO         6913    .text               mc_w.l(strncmp.o)
    0x08000346   0x000000e4   Code   RO         7182    .text               mf_w.l(dmul.o)
    0x0800042a   0x0000001a   Code   RO         7184    .text               mf_w.l(dfltui.o)
    0x08000444   0x00000032   Code   RO         7186    .text               mf_w.l(dfixui.o)
    0x08000476   0x0000002c   Code   RO         7203    .text               mc_w.l(uidiv.o)
    0x080004a2   0x0000001e   Code   RO         7205    .text               mc_w.l(llshl.o)
    0x080004c0   0x00000020   Code   RO         7207    .text               mc_w.l(llushr.o)
    0x080004e0   0x00000000   Code   RO         7218    .text               mc_w.l(iusefp.o)
    0x080004e0   0x000000ba   Code   RO         7219    .text               mf_w.l(depilogue.o)
    0x0800059a   0x00000002   PAD
    0x0800059c   0x00000024   Code   RO         7229    .text               mc_w.l(init.o)
    0x080005c0   0x00000056   Code   RO         7245    .text               mc_w.l(__dczerorl2.o)
    0x08000616   0x00000002   PAD
    0x08000618   0x00000044   Code   RO         5207    i.ADC_Configuration  httpd_cgi_ssi.o
    0x0800065c   0x000000a4   Code   RO         5208    i.ADC_Handler       httpd_cgi_ssi.o
    0x08000700   0x00000128   Code   RO         1942    i.ADC_Init          stm32f4xx_hal_adc.o
    0x08000828   0x00000024   Code   RO          790    i.BSP_LCD_DisplayChar  stm324xg_eval_lcd.o
    0x0800084c   0x0000009c   Code   RO          793    i.BSP_LCD_DisplayStringAt  stm324xg_eval_lcd.o
    0x080008e8   0x0000001c   Code   RO          794    i.BSP_LCD_DisplayStringAtLine  stm324xg_eval_lcd.o
    0x08000904   0x00000014   Code   RO          800    i.BSP_LCD_DrawPixel  stm324xg_eval_lcd.o
    0x08000918   0x0000000c   Code   RO          810    i.BSP_LCD_GetFont   stm324xg_eval_lcd.o
    0x08000924   0x0000000c   Code   RO          812    i.BSP_LCD_GetXSize  stm324xg_eval_lcd.o
    0x08000930   0x0000000c   Code   RO          818    i.BSP_LCD_SetTextColor  stm324xg_eval_lcd.o
    0x0800093c   0x00000074   Code   RO         1050    i.BSP_LED_Init      stm324xg_eval.o
    0x080009b0   0x0000001c   Code   RO         1051    i.BSP_LED_Off       stm324xg_eval.o
    0x080009cc   0x0000001c   Code   RO         1052    i.BSP_LED_On        stm324xg_eval.o
    0x080009e8   0x00000002   Code   RO         5144    i.BusFault_Handler  stm32f4xx_it.o
    0x080009ea   0x00000002   Code   RO         5145    i.DebugMon_Handler  stm32f4xx_it.o
    0x080009ec   0x0000009c   Code   RO          819    i.DrawChar          stm324xg_eval_lcd.o
    0x08000a88   0x00000074   Code   RO         1376    i.ETH_DMARxDescListInit  stm32f4xx_hal_eth.o
    0x08000afc   0x0000002e   Code   RO         1377    i.ETH_FlushTransmitFIFO  stm32f4xx_hal_eth.o
    0x08000b2a   0x0000009a   Code   RO         1378    i.ETH_MACDMAConfig  stm32f4xx_hal_eth.o
    0x08000bc4   0x00000004   Code   RO         5263    i.ETH_PHY_IO_DeInit  ethernetif.o
    0x08000bc8   0x00000004   Code   RO         5264    i.ETH_PHY_IO_GetTick  ethernetif.o
    0x08000bcc   0x00000010   Code   RO         5265    i.ETH_PHY_IO_Init   ethernetif.o
    0x08000bdc   0x0000001c   Code   RO         5266    i.ETH_PHY_IO_ReadReg  ethernetif.o
    0x08000bf8   0x0000001c   Code   RO         5267    i.ETH_PHY_IO_WriteReg  ethernetif.o
    0x08000c14   0x0000016e   Code   RO         1379    i.ETH_Prepare_Tx_Descriptors  stm32f4xx_hal_eth.o
    0x08000d82   0x00000002   PAD
    0x08000d84   0x000000c0   Code   RO         1380    i.ETH_SetDMAConfig  stm32f4xx_hal_eth.o
    0x08000e44   0x000000f8   Code   RO         1381    i.ETH_SetMACConfig  stm32f4xx_hal_eth.o
    0x08000f3c   0x000000a0   Code   RO         1382    i.ETH_UpdateDescriptor  stm32f4xx_hal_eth.o
    0x08000fdc   0x0000014c   Code   RO         1944    i.HAL_ADC_ConfigChannel  stm32f4xx_hal_adc.o
    0x08001128   0x00000006   Code   RO         1951    i.HAL_ADC_GetValue  stm32f4xx_hal_adc.o
    0x0800112e   0x00000054   Code   RO         1953    i.HAL_ADC_Init      stm32f4xx_hal_adc.o
    0x08001182   0x00000002   PAD
    0x08001184   0x0000004c   Code   RO         5120    i.HAL_ADC_MspInit   stm32f4xx_hal_msp.o
    0x080011d0   0x000000aa   Code   RO         1957    i.HAL_ADC_PollForConversion  stm32f4xx_hal_adc.o
    0x0800127a   0x00000002   PAD
    0x0800127c   0x000000fc   Code   RO         1959    i.HAL_ADC_Start     stm32f4xx_hal_adc.o
    0x08001378   0x00000024   Code   RO         3769    i.HAL_Delay         stm32f4xx_hal.o
    0x0800139c   0x000000de   Code   RO         1390    i.HAL_ETH_GetMACConfig  stm32f4xx_hal_eth.o
    0x0800147a   0x00000002   PAD
    0x0800147c   0x00000110   Code   RO         1397    i.HAL_ETH_Init      stm32f4xx_hal_eth.o
    0x0800158c   0x000000f8   Code   RO         5268    i.HAL_ETH_MspInit   ethernetif.o
    0x08001684   0x00000108   Code   RO         1401    i.HAL_ETH_ReadData  stm32f4xx_hal_eth.o
    0x0800178c   0x00000062   Code   RO         1402    i.HAL_ETH_ReadPHYRegister  stm32f4xx_hal_eth.o
    0x080017ee   0x00000002   PAD
    0x080017f0   0x00000048   Code   RO         5269    i.HAL_ETH_RxAllocateCallback  ethernetif.o
    0x08001838   0x0000002a   Code   RO         5270    i.HAL_ETH_RxLinkCallback  ethernetif.o
    0x08001862   0x00000018   Code   RO         1412    i.HAL_ETH_SetMACConfig  stm32f4xx_hal_eth.o
    0x0800187a   0x00000002   PAD
    0x0800187c   0x00000074   Code   RO         1414    i.HAL_ETH_SetMDIOClockRange  stm32f4xx_hal_eth.o
    0x080018f0   0x0000007c   Code   RO         1418    i.HAL_ETH_Start     stm32f4xx_hal_eth.o
    0x0800196c   0x00000072   Code   RO         1420    i.HAL_ETH_Stop      stm32f4xx_hal_eth.o
    0x080019de   0x000000b6   Code   RO         1422    i.HAL_ETH_Transmit  stm32f4xx_hal_eth.o
    0x08001a94   0x00000056   Code   RO         1430    i.HAL_ETH_WritePHYRegister  stm32f4xx_hal_eth.o
    0x08001aea   0x00000002   PAD
    0x08001aec   0x000001f0   Code   RO         3564    i.HAL_GPIO_Init     stm32f4xx_hal_gpio.o
    0x08001cdc   0x0000000a   Code   RO         3568    i.HAL_GPIO_WritePin  stm32f4xx_hal_gpio.o
    0x08001ce6   0x00000002   PAD
    0x08001ce8   0x0000000c   Code   RO         3774    i.HAL_GetREVID      stm32f4xx_hal.o
    0x08001cf4   0x0000000c   Code   RO         3775    i.HAL_GetTick       stm32f4xx_hal.o
    0x08001d00   0x00000010   Code   RO         3781    i.HAL_IncTick       stm32f4xx_hal.o
    0x08001d10   0x0000002c   Code   RO         3782    i.HAL_Init          stm32f4xx_hal.o
    0x08001d3c   0x00000040   Code   RO         3783    i.HAL_InitTick      stm32f4xx_hal.o
    0x08001d7c   0x00000002   Code   RO         3785    i.HAL_MspInit       stm32f4xx_hal.o
    0x08001d7e   0x00000002   PAD
    0x08001d80   0x00000040   Code   RO         4086    i.HAL_NVIC_SetPriority  stm32f4xx_hal_cortex.o
    0x08001dc0   0x00000024   Code   RO         4087    i.HAL_NVIC_SetPriorityGrouping  stm32f4xx_hal_cortex.o
    0x08001de4   0x00000134   Code   RO         1718    i.HAL_RCC_ClockConfig  stm32f4xx_hal_rcc.o
    0x08001f18   0x0000000c   Code   RO         1723    i.HAL_RCC_GetHCLKFreq  stm32f4xx_hal_rcc.o
    0x08001f24   0x00000064   Code   RO         1727    i.HAL_RCC_GetSysClockFreq  stm32f4xx_hal_rcc.o
    0x08001f88   0x0000036c   Code   RO         1730    i.HAL_RCC_OscConfig  stm32f4xx_hal_rcc.o
    0x080022f4   0x00000028   Code   RO         4091    i.HAL_SYSTICK_Config  stm32f4xx_hal_cortex.o
    0x0800231c   0x00000002   Code   RO         5146    i.HardFault_Handler  stm32f4xx_it.o
    0x0800231e   0x00000094   Code   RO         4830    i.LAN8742_GetLinkState  lan8742.o
    0x080023b2   0x000000cc   Code   RO         4831    i.LAN8742_Init      lan8742.o
    0x0800247e   0x0000002c   Code   RO         4832    i.LAN8742_RegisterBusIO  lan8742.o
    0x080024aa   0x00000002   PAD
    0x080024ac   0x00000088   Code   RO         4924    i.LCD_LOG_UpdateDisplay  lcd_log.o
    0x08002534   0x000000ac   Code   RO         5209    i.LEDS_CGI_Handler  httpd_cgi_ssi.o
    0x080025e0   0x0000009c   Code   RO         5013    i.MX_GPIO_Init      main.o
    0x0800267c   0x00000002   Code   RO         5147    i.MemManage_Handler  stm32f4xx_it.o
    0x0800267e   0x00000002   Code   RO         5148    i.NMI_Handler       stm32f4xx_it.o
    0x08002680   0x00000004   Code   RO         5149    i.SysTick_Handler   stm32f4xx_it.o
    0x08002684   0x0000008c   Code   RO         5014    i.SystemClock_Config  main.o
    0x08002710   0x00000054   Code   RO            5    i.SystemInit        system_stm32f4xx.o
    0x08002764   0x00000002   Code   RO         5150    i.UsageFault_Handler  stm32f4xx_it.o
    0x08002766   0x00000002   PAD
    0x08002768   0x00000020   Code   RO         7008    i.__0printf$3       mc_w.l(printf3.o)
    0x08002788   0x00000020   Code   RO         4093    i.__NVIC_SetPriority  stm32f4xx_hal_cortex.o
    0x080027a8   0x0000000e   Code   RO         7239    i.__scatterload_copy  mc_w.l(handlers.o)
    0x080027b6   0x00000002   Code   RO         7240    i.__scatterload_null  mc_w.l(handlers.o)
    0x080027b8   0x0000000e   Code   RO         7241    i.__scatterload_zeroinit  mc_w.l(handlers.o)
    0x080027c6   0x00000002   PAD
    0x080027c8   0x000001b8   Code   RO         7015    i._printf_core      mc_w.l(printf3.o)
    0x08002980   0x000000ac   Code   RO         6565    i.do_memp_free_pool  memp.o
    0x08002a2c   0x000000b4   Code   RO         6566    i.do_memp_malloc_pool  memp.o
    0x08002ae0   0x0000002c   Code   RO          485    i.etharp_cleanup_netif  etharp.o
    0x08002b0c   0x0000022c   Code   RO          487    i.etharp_find_entry  etharp.o
    0x08002d38   0x00000024   Code   RO          488    i.etharp_free_entry  etharp.o
    0x08002d5c   0x000000d0   Code   RO          490    i.etharp_input      etharp.o
    0x08002e2c   0x0000017c   Code   RO          491    i.etharp_output     etharp.o
    0x08002fa8   0x000000dc   Code   RO          492    i.etharp_output_to_arp_index  etharp.o
    0x08003084   0x000001b4   Code   RO          493    i.etharp_query      etharp.o
    0x08003238   0x00000140   Code   RO          494    i.etharp_raw        etharp.o
    0x08003378   0x0000000c   Code   RO          495    i.etharp_request    etharp.o
    0x08003384   0x00000020   Code   RO          496    i.etharp_request_dst  etharp.o
    0x080033a4   0x00000060   Code   RO          497    i.etharp_tmr        etharp.o
    0x08003404   0x000000e8   Code   RO          498    i.etharp_update_arp_entry  etharp.o
    0x080034ec   0x000000a4   Code   RO         5386    i.ethernet_input    ethernet.o
    0x08003590   0x00000090   Code   RO         5272    i.ethernet_link_check_state  ethernetif.o
    0x08003620   0x0000002a   Code   RO         5088    i.ethernet_link_status_updated  app_ethernet.o
    0x0800364a   0x00000002   PAD
    0x0800364c   0x000000c4   Code   RO         5387    i.ethernet_output   ethernet.o
    0x08003710   0x00000088   Code   RO         5273    i.ethernetif_init   ethernetif.o
    0x08003798   0x0000003c   Code   RO         5274    i.ethernetif_input  ethernetif.o
    0x080037d4   0x00000064   Code   RO         4318    i.extract_uri_parameters  httpd.o
    0x08003838   0x00000104   Code   RO         4925    i.fputc             lcd_log.o
    0x0800393c   0x00000008   Code   RO         4266    i.fs_bytes_left     fs.o
    0x08003944   0x00000002   Code   RO         4267    i.fs_close          fs.o
    0x08003946   0x00000002   PAD
    0x08003948   0x00000044   Code   RO         4268    i.fs_open           fs.o
    0x0800398c   0x0000015c   Code   RO         4319    i.get_tag_insert    httpd.o
    0x08003ae8   0x0000006c   Code   RO         4320    i.http_accept       httpd.o
    0x08003b54   0x00000094   Code   RO         4321    i.http_check_eof    httpd.o
    0x08003be8   0x00000006   Code   RO         4322    i.http_close_conn   httpd.o
    0x08003bee   0x00000002   PAD
    0x08003bf0   0x00000060   Code   RO         4323    i.http_close_or_abort_conn  httpd.o
    0x08003c50   0x00000004   Code   RO         4324    i.http_eof          httpd.o
    0x08003c54   0x0000000a   Code   RO         4325    i.http_err          httpd.o
    0x08003c5e   0x00000002   PAD
    0x08003c60   0x00000180   Code   RO         4326    i.http_find_file    httpd.o
    0x08003de0   0x00000058   Code   RO         4327    i.http_get_404_file  httpd.o
    0x08003e38   0x00000154   Code   RO         4328    i.http_init_file    httpd.o
    0x08003f8c   0x0000016c   Code   RO         4329    i.http_parse_request  httpd.o
    0x080040f8   0x00000036   Code   RO         4330    i.http_poll         httpd.o
    0x0800412e   0x00000002   PAD
    0x08004130   0x000000f0   Code   RO         4331    i.http_recv         httpd.o
    0x08004220   0x0000007a   Code   RO         4332    i.http_send         httpd.o
    0x0800429a   0x00000002   PAD
    0x0800429c   0x0000035c   Code   RO         4333    i.http_send_data_ssi  httpd.o
    0x080045f8   0x00000018   Code   RO         4334    i.http_sent         httpd.o
    0x08004610   0x00000038   Code   RO         5210    i.http_server_init  httpd_cgi_ssi.o
    0x08004648   0x0000008c   Code   RO         4335    i.http_set_cgi_handlers  httpd.o
    0x080046d4   0x000000b8   Code   RO         4336    i.http_set_ssi_handler  httpd.o
    0x0800478c   0x00000032   Code   RO         4337    i.http_state_free   httpd.o
    0x080047be   0x00000002   PAD
    0x080047c0   0x00000064   Code   RO         4338    i.http_uri_is_ssi   httpd.o
    0x08004824   0x000000b0   Code   RO         4339    i.http_write        httpd.o
    0x080048d4   0x00000070   Code   RO         4340    i.httpd_init        httpd.o
    0x08004944   0x0000009c   Code   RO         4341    i.httpd_init_pcb    httpd.o
    0x080049e0   0x00000008   Code   RO          601    i.icmp_dest_unreach  icmp.o
    0x080049e8   0x000001bc   Code   RO          602    i.icmp_input        icmp.o
    0x08004ba4   0x000000dc   Code   RO          603    i.icmp_send_response  icmp.o
    0x08004c80   0x00000008   Code   RO          604    i.icmp_time_exceeded  icmp.o
    0x08004c88   0x0000004a   Code   RO         5663    i.inet_chksum_pbuf  inet_chksum.o
    0x08004cd2   0x0000002e   Code   RO          334    i.ip4_addr_isbroadcast_u32  ip4_addr.o
    0x08004d00   0x00000228   Code   RO          201    i.ip4_frag          ip4_frag.o
    0x08004f28   0x00000174   Code   RO          398    i.ip4_input         ip4.o
    0x0800509c   0x0000002c   Code   RO          399    i.ip4_input_accept  ip4.o
    0x080050c8   0x0000001e   Code   RO          401    i.ip4_output_if     ip4.o
    0x080050e6   0x00000002   PAD
    0x080050e8   0x00000148   Code   RO          402    i.ip4_output_if_src  ip4.o
    0x08005230   0x00000250   Code   RO          202    i.ip4_reass         ip4_frag.o
    0x08005480   0x00000060   Code   RO          403    i.ip4_route         ip4.o
    0x080054e0   0x00000058   Code   RO          203    i.ip_frag_free_pbuf_custom_ref  ip4_frag.o
    0x08005538   0x00000210   Code   RO          204    i.ip_reass_chain_frag_into_datagram_and_validate  ip4_frag.o
    0x08005748   0x00000080   Code   RO          205    i.ip_reass_dequeue_datagram  ip4_frag.o
    0x080057c8   0x0000015c   Code   RO          206    i.ip_reass_free_complete_datagram  ip4_frag.o
    0x08005924   0x00000080   Code   RO          207    i.ip_reass_remove_oldest_datagram  ip4_frag.o
    0x080059a4   0x0000002c   Code   RO          208    i.ip_reass_tmr      ip4_frag.o
    0x080059d0   0x00000060   Code   RO          209    i.ipfrag_free_pbuf_custom  ip4_frag.o
    0x08005a30   0x000000bc   Code   RO         5275    i.low_level_init    ethernetif.o
    0x08005aec   0x00000070   Code   RO         5276    i.low_level_output  ethernetif.o
    0x08005b5c   0x0000003c   Code   RO         6023    i.lwip_cyclic_timer  timeouts.o
    0x08005b98   0x00000004   Code   RO         6523    i.lwip_htonl        def.o
    0x08005b9c   0x00000004   Code   RO         6524    i.lwip_htons        def.o
    0x08005ba0   0x0000001e   Code   RO         6286    i.lwip_init         init.o
    0x08005bbe   0x00000002   PAD
    0x08005bc0   0x00000058   Code   RO         5670    i.lwip_standard_chksum  inet_chksum.o
    0x08005c18   0x00000030   Code   RO         6526    i.lwip_stricmp      def.o
    0x08005c48   0x00000040   Code   RO         6528    i.lwip_strnstr      def.o
    0x08005c88   0x0000009c   Code   RO         5015    i.main              main.o
    0x08005d24   0x000001b0   Code   RO         5598    i.mem_free          mem.o
    0x08005ed4   0x00000038   Code   RO         5599    i.mem_init          mem.o
    0x08005f0c   0x0000024c   Code   RO         5600    i.mem_malloc        mem.o
    0x08006158   0x00000010   Code   RO         5601    i.mem_to_ptr        mem.o
    0x08006168   0x000001d4   Code   RO         5602    i.mem_trim          mem.o
    0x0800633c   0x000000ac   Code   RO         6567    i.memp_free         memp.o
    0x080063e8   0x00000098   Code   RO         6568    i.memp_free_pool    memp.o
    0x08006480   0x00000020   Code   RO         6569    i.memp_init         memp.o
    0x080064a0   0x0000002a   Code   RO         6570    i.memp_init_pool    memp.o
    0x080064ca   0x00000002   PAD
    0x080064cc   0x000000b4   Code   RO         6571    i.memp_malloc       memp.o
    0x08006580   0x0000009c   Code   RO         6572    i.memp_malloc_pool  memp.o
    0x0800661c   0x000001e4   Code   RO         5415    i.netif_add         netif.o
    0x08006800   0x00000016   Code   RO         5417    i.netif_do_ip_addr_changed  netif.o
    0x08006816   0x00000016   Code   RO         5418    i.netif_do_set_gw   netif.o
    0x0800682c   0x000000d0   Code   RO         5419    i.netif_do_set_ipaddr  netif.o
    0x080068fc   0x00000016   Code   RO         5420    i.netif_do_set_netmask  netif.o
    0x08006912   0x00000002   PAD
    0x08006914   0x00000028   Code   RO         5422    i.netif_get_by_index  netif.o
    0x0800693c   0x00000002   Code   RO         5424    i.netif_init        netif.o
    0x0800693e   0x00000002   PAD
    0x08006940   0x000000cc   Code   RO         5426    i.netif_issue_reports  netif.o
    0x08006a0c   0x00000006   Code   RO         5428    i.netif_null_output_ip4  netif.o
    0x08006a12   0x00000002   PAD
    0x08006a14   0x00000060   Code   RO         5430    i.netif_set_addr    netif.o
    0x08006a74   0x0000000c   Code   RO         5431    i.netif_set_default  netif.o
    0x08006a80   0x000000b4   Code   RO         5432    i.netif_set_down    netif.o
    0x08006b34   0x00000008   Code   RO         5435    i.netif_set_link_callback  netif.o
    0x08006b3c   0x000000b8   Code   RO         5436    i.netif_set_link_down  netif.o
    0x08006bf4   0x000000cc   Code   RO         5437    i.netif_set_link_up  netif.o
    0x08006cc0   0x000000ac   Code   RO         5439    i.netif_set_up      netif.o
    0x08006d6c   0x00000006   Code   RO         6313    i.pbuf_add_header   pbuf.o
    0x08006d72   0x00000002   PAD
    0x08006d74   0x000000d0   Code   RO         6315    i.pbuf_add_header_impl  pbuf.o
    0x08006e44   0x00000240   Code   RO         6316    i.pbuf_alloc        pbuf.o
    0x08007084   0x000000c0   Code   RO         6317    i.pbuf_alloc_reference  pbuf.o
    0x08007144   0x00000036   Code   RO         6318    i.pbuf_alloced_custom  pbuf.o
    0x0800717a   0x00000002   PAD
    0x0800717c   0x00000140   Code   RO         6319    i.pbuf_cat          pbuf.o
    0x080072bc   0x00000012   Code   RO         6321    i.pbuf_clen         pbuf.o
    0x080072ce   0x00000002   PAD
    0x080072d0   0x000000b0   Code   RO         6322    i.pbuf_clone        pbuf.o
    0x08007380   0x000001f4   Code   RO         6324    i.pbuf_copy         pbuf.o
    0x08007574   0x00000128   Code   RO         6325    i.pbuf_copy_partial  pbuf.o
    0x0800769c   0x00000168   Code   RO         6327    i.pbuf_free         pbuf.o
    0x08007804   0x00000020   Code   RO         5277    i.pbuf_free_custom  ethernetif.o
    0x08007824   0x00000006   Code   RO         6332    i.pbuf_header_force  pbuf.o
    0x0800782a   0x0000000e   Code   RO         6333    i.pbuf_header_impl  pbuf.o
    0x08007838   0x0000001c   Code   RO         6334    i.pbuf_init_alloced_pbuf  pbuf.o
    0x08007854   0x00000144   Code   RO         6338    i.pbuf_realloc      pbuf.o
    0x08007998   0x0000009c   Code   RO         6339    i.pbuf_ref          pbuf.o
    0x08007a34   0x000000e0   Code   RO         6340    i.pbuf_remove_header  pbuf.o
    0x08007b14   0x000001b0   Code   RO         5603    i.plug_holes        mem.o
    0x08007cc4   0x0000000c   Code   RO         5604    i.ptr_to_mem        mem.o
    0x08007cd0   0x00000044   Code   RO         6024    i.sys_check_timeouts  timeouts.o
    0x08007d14   0x00000004   Code   RO         5278    i.sys_now           ethernetif.o
    0x08007d18   0x00000094   Code   RO         6026    i.sys_timeout       timeouts.o
    0x08007dac   0x000000c8   Code   RO         6027    i.sys_timeout_abs   timeouts.o
    0x08007e74   0x00000028   Code   RO         6028    i.sys_timeouts_init  timeouts.o
    0x08007e9c   0x000001b4   Code   RO         5731    i.tcp_abandon       tcp.o
    0x08008050   0x00000006   Code   RO         5732    i.tcp_abort         tcp.o
    0x08008056   0x0000000e   Code   RO         5733    i.tcp_accept        tcp.o
    0x08008064   0x000000a8   Code   RO         5734    i.tcp_accept_null   tcp.o
    0x0800810c   0x00000128   Code   RO         5735    i.tcp_alloc         tcp.o
    0x08008234   0x00000008   Code   RO         5736    i.tcp_arg           tcp.o
    0x0800823c   0x0000015c   Code   RO         5737    i.tcp_bind          tcp.o
    0x08008398   0x000000b0   Code   RO         5739    i.tcp_close         tcp.o
    0x08008448   0x000001b8   Code   RO         5740    i.tcp_close_shutdown  tcp.o
    0x08008600   0x000000d4   Code   RO         5741    i.tcp_close_shutdown_fin  tcp.o
    0x080086d4   0x00000150   Code   RO         6145    i.tcp_create_segment  tcp_out.o
    0x08008824   0x000000c8   Code   RO         5744    i.tcp_eff_send_mss_netif  tcp.o
    0x080088ec   0x00000200   Code   RO         6146    i.tcp_enqueue_flags  tcp_out.o
    0x08008aec   0x000000b4   Code   RO         5745    i.tcp_err           tcp.o
    0x08008ba0   0x0000006c   Code   RO         5746    i.tcp_fasttmr       tcp.o
    0x08008c0c   0x000000a0   Code   RO         5747    i.tcp_free          tcp.o
    0x08008cac   0x00000108   Code   RO         6791    i.tcp_free_acked_segments  tcp_in.o
    0x08008db4   0x000000a8   Code   RO         5748    i.tcp_free_listen   tcp.o
    0x08008e5c   0x00000028   Code   RO         6792    i.tcp_get_next_optbyte  tcp_in.o
    0x08008e84   0x00000018   Code   RO         5749    i.tcp_init          tcp.o
    0x08008e9c   0x0000061c   Code   RO         6793    i.tcp_input         tcp_in.o
    0x080094b8   0x000000a4   Code   RO         6794    i.tcp_input_delayed_close  tcp_in.o
    0x0800955c   0x0000009c   Code   RO         6147    i.tcp_keepalive     tcp_out.o
    0x080095f8   0x000000cc   Code   RO         5750    i.tcp_kill_state    tcp.o
    0x080096c4   0x000000d0   Code   RO         5751    i.tcp_listen_closed  tcp.o
    0x08009794   0x00000164   Code   RO         6795    i.tcp_listen_input  tcp_in.o
    0x080098f8   0x00000006   Code   RO         5752    i.tcp_listen_with_backlog  tcp.o
    0x080098fe   0x00000002   PAD
    0x08009900   0x00000190   Code   RO         5753    i.tcp_listen_with_backlog_and_err  tcp.o
    0x08009a90   0x0000004c   Code   RO         5754    i.tcp_netif_ip_addr_changed  tcp.o
    0x08009adc   0x000000d0   Code   RO         5755    i.tcp_netif_ip_addr_changed_pcblist  tcp.o
    0x08009bac   0x00000006   Code   RO         5757    i.tcp_new_ip_type   tcp.o
    0x08009bb2   0x00000002   PAD
    0x08009bb4   0x00000060   Code   RO         5758    i.tcp_new_port      tcp.o
    0x08009c14   0x000000a8   Code   RO         5759    i.tcp_next_iss      tcp.o
    0x08009cbc   0x000002b0   Code   RO         6148    i.tcp_output        tcp_out.o
    0x08009f6c   0x0000009c   Code   RO         6149    i.tcp_output_alloc_header  tcp_out.o
    0x0800a008   0x000000e0   Code   RO         6150    i.tcp_output_alloc_header_common  tcp_out.o
    0x0800a0e8   0x000000b0   Code   RO         6151    i.tcp_output_control_segment  tcp_out.o
    0x0800a198   0x000000a8   Code   RO         6152    i.tcp_output_fill_options  tcp_out.o
    0x0800a240   0x000001a8   Code   RO         6153    i.tcp_output_segment  tcp_out.o
    0x0800a3e8   0x00000078   Code   RO         6154    i.tcp_output_segment_busy  tcp_out.o
    0x0800a460   0x000000cc   Code   RO         6796    i.tcp_parseopt      tcp_in.o
    0x0800a52c   0x0000011c   Code   RO         6155    i.tcp_pbuf_prealloc  tcp_out.o
    0x0800a648   0x000000d4   Code   RO         5760    i.tcp_pcb_purge     tcp.o
    0x0800a71c   0x00000174   Code   RO         5761    i.tcp_pcb_remove    tcp.o
    0x0800a890   0x000000dc   Code   RO         5762    i.tcp_poll          tcp.o
    0x0800a96c   0x00000490   Code   RO         6797    i.tcp_process       tcp_in.o
    0x0800adfc   0x00000118   Code   RO         5763    i.tcp_process_refused_data  tcp.o
    0x0800af14   0x00000550   Code   RO         6798    i.tcp_receive       tcp_in.o
    0x0800b464   0x000000b4   Code   RO         5764    i.tcp_recv          tcp.o
    0x0800b518   0x000000c0   Code   RO         5765    i.tcp_recv_null     tcp.o
    0x0800b5d8   0x00000114   Code   RO         5766    i.tcp_recved        tcp.o
    0x0800b6ec   0x00000058   Code   RO         5767    i.tcp_remove_listener  tcp.o
    0x0800b744   0x000000bc   Code   RO         6156    i.tcp_rexmit        tcp_out.o
    0x0800b800   0x000000b8   Code   RO         6157    i.tcp_rexmit_fast   tcp_out.o
    0x0800b8b8   0x00000074   Code   RO         6158    i.tcp_rexmit_rto    tcp_out.o
    0x0800b92c   0x0000007c   Code   RO         6159    i.tcp_rexmit_rto_commit  tcp_out.o
    0x0800b9a8   0x000000c8   Code   RO         6160    i.tcp_rexmit_rto_prepare  tcp_out.o
    0x0800ba70   0x00000010   Code   RO         6161    i.tcp_route         tcp_out.o
    0x0800ba80   0x000000e4   Code   RO         6162    i.tcp_rst           tcp_out.o
    0x0800bb64   0x0000001c   Code   RO         5768    i.tcp_seg_free      tcp.o
    0x0800bb80   0x00000012   Code   RO         5769    i.tcp_segs_free     tcp.o
    0x0800bb92   0x00000002   PAD
    0x0800bb94   0x000000bc   Code   RO         6163    i.tcp_send_empty_ack  tcp_out.o
    0x0800bc50   0x0000009c   Code   RO         6164    i.tcp_send_fin      tcp_out.o
    0x0800bcec   0x000000b0   Code   RO         5770    i.tcp_sent          tcp.o
    0x0800bd9c   0x00000098   Code   RO         5771    i.tcp_setprio       tcp.o
    0x0800be34   0x000005c4   Code   RO         5773    i.tcp_slowtmr       tcp.o
    0x0800c3f8   0x000001f8   Code   RO         6165    i.tcp_split_unsent_seg  tcp_out.o
    0x0800c5f0   0x00000034   Code   RO         6031    i.tcp_timer_needed  timeouts.o
    0x0800c624   0x000000cc   Code   RO         6799    i.tcp_timewait_input  tcp_in.o
    0x0800c6f0   0x00000020   Code   RO         5775    i.tcp_tmr           tcp.o
    0x0800c710   0x00000010   Code   RO         6800    i.tcp_trigger_input_pcb_close  tcp_in.o
    0x0800c720   0x00000104   Code   RO         5777    i.tcp_update_rcv_ann_wnd  tcp.o
    0x0800c824   0x00000684   Code   RO         6166    i.tcp_write         tcp_out.o
    0x0800cea8   0x00000140   Code   RO         6167    i.tcp_write_checks  tcp_out.o
    0x0800cfe8   0x00000110   Code   RO         6168    i.tcp_zero_window_probe  tcp_out.o
    0x0800d0f8   0x00000038   Code   RO         6032    i.tcpip_tcp_timer   timeouts.o
    0x0800d130   0x00000018   Code   RO         6682    i.udp_init          udp.o
    0x0800d148   0x000001f8   Code   RO         6683    i.udp_input         udp.o
    0x0800d340   0x0000011c   Code   RO         6684    i.udp_input_local_match  udp.o
    0x0800d45c   0x00000034   Code   RO         6685    i.udp_netif_ip_addr_changed  udp.o
    0x0800d490   0x00000010   Data   RO            6    .constdata          system_stm32f4xx.o
    0x0800d4a0   0x00000004   Data   RO          341    .constdata          ip4_addr.o
    0x0800d4a4   0x00001ab8   Data   RO          823    .constdata          stm324xg_eval_lcd.o
    0x0800ef5c   0x0000001c   Data   RO         1085    .constdata          stm324xg_eval.o
    0x0800ef78   0x00000c57   Data   RO         4269    .constdata          fs.o
    0x0800fbcf   0x00000aba   Data   RO         4270    .constdata          fs.o
    0x08010689   0x0000665d   Data   RO         4271    .constdata          fs.o
    0x08016ce6   0x000004d6   Data   RO         4272    .constdata          fs.o
    0x080171bc   0x000029f4   Data   RO         4273    .constdata          fs.o
    0x08019bb0   0x00000fe2   Data   RO         4274    .constdata          fs.o
    0x0801ab92   0x00000fea   Data   RO         4275    .constdata          fs.o
    0x0801bb7c   0x00000014   Data   RO         4276    .constdata          fs.o
    0x0801bb90   0x00000014   Data   RO         4277    .constdata          fs.o
    0x0801bba4   0x00000014   Data   RO         4278    .constdata          fs.o
    0x0801bbb8   0x00000014   Data   RO         4279    .constdata          fs.o
    0x0801bbcc   0x00000014   Data   RO         4280    .constdata          fs.o
    0x0801bbe0   0x00000014   Data   RO         4281    .constdata          fs.o
    0x0801bbf4   0x00000014   Data   RO         4282    .constdata          fs.o
    0x0801bc08   0x0000004c   Data   RO         4343    .constdata          httpd.o
    0x0801bc54   0x00000008   Data   RO         5212    .constdata          httpd_cgi_ssi.o
    0x0801bc5c   0x0000000c   Data   RO         5281    .constdata          ethernetif.o
    0x0801bc68   0x00000006   Data   RO         5388    .constdata          ethernet.o
    0x0801bc6e   0x00000006   Data   RO         5389    .constdata          ethernet.o
    0x0801bc74   0x00000054   Data   RO         5778    .constdata          tcp.o
    0x0801bcc8   0x00000018   Data   RO         6033    .constdata          timeouts.o
    0x0801bce0   0x0000000c   Data   RO         6582    .constdata          memp.o
    0x0801bcec   0x0000000c   Data   RO         6583    .constdata          memp.o
    0x0801bcf8   0x0000000c   Data   RO         6584    .constdata          memp.o
    0x0801bd04   0x0000000c   Data   RO         6585    .constdata          memp.o
    0x0801bd10   0x0000000c   Data   RO         6586    .constdata          memp.o
    0x0801bd1c   0x0000000c   Data   RO         6587    .constdata          memp.o
    0x0801bd28   0x0000000c   Data   RO         6588    .constdata          memp.o
    0x0801bd34   0x0000000c   Data   RO         6589    .constdata          memp.o
    0x0801bd40   0x0000000c   Data   RO         6590    .constdata          memp.o
    0x0801bd4c   0x00000024   Data   RO         6591    .constdata          memp.o
    0x0801bd70   0x00000048   Data   RO          210    .conststring        ip4_frag.o
    0x0801bdb8   0x00000043   Data   RO          404    .conststring        ip4.o
    0x0801bdfb   0x00000001   PAD
    0x0801bdfc   0x0000008a   Data   RO          500    .conststring        etharp.o
    0x0801be86   0x00000002   PAD
    0x0801be88   0x00000044   Data   RO          605    .conststring        icmp.o
    0x0801becc   0x000000c2   Data   RO         4344    .conststring        httpd.o
    0x0801bf8e   0x00000002   PAD
    0x0801bf90   0x00000002   Data   RO         5213    .conststring        httpd_cgi_ssi.o
    0x0801bf92   0x00000002   PAD
    0x0801bf94   0x0000000a   Data   RO         5214    .conststring        httpd_cgi_ssi.o
    0x0801bf9e   0x00000002   PAD
    0x0801bfa0   0x00000044   Data   RO         5390    .conststring        ethernet.o
    0x0801bfe4   0x00000075   Data   RO         5779    .conststring        tcp.o
    0x0801c059   0x00000003   PAD
    0x0801c05c   0x00000043   Data   RO         6035    .conststring        timeouts.o
    0x0801c09f   0x00000001   PAD
    0x0801c0a0   0x0000009a   Data   RO         6169    .conststring        tcp_out.o
    0x0801c13a   0x00000002   PAD
    0x0801c13c   0x00000041   Data   RO         6802    .conststring        tcp_in.o
    0x0801c17d   0x00000003   PAD
    0x0801c180   0x00000020   Data   RO         7237    Region$$Table       anon$$obj.o


    Execution Region RW_IRAM1 (Base: 0x20000000, Size: 0x0000f910, Max: 0x00020000, ABSOLUTE, COMPRESSED[0x0000004c])

    Base Addr    Size         Type   Attr      Idx    E Section Name        Object

    0x20000000   0x00000004   Data   RW            8    .data               system_stm32f4xx.o
    0x20000004   0x00000008   Data   RW          211    .data               ip4_frag.o
    0x2000000c   0x00000002   Data   RW          405    .data               ip4.o
    0x2000000e   0x00000001   Data   RW          501    .data               etharp.o
    0x2000000f   0x00000001   PAD
    0x20000010   0x0000000c   Data   RW          828    .data               stm324xg_eval_lcd.o
    0x2000001c   0x0000002c   Data   RW         1086    .data               stm324xg_eval.o
    0x20000048   0x0000000c   Data   RW         3789    .data               stm32f4xx_hal.o
    0x20000054   0x00000018   Data   RW         4345    .data               httpd.o
    0x2000006c   0x00000014   Data   RW         4927    .data               lcd_log.o
    0x20000080   0x00000010   Data   RW         5215    .data               httpd_cgi_ssi.o
    0x20000090   0x00000004   Data   RW         5216    .data               httpd_cgi_ssi.o
    0x20000094   0x00000018   Data   RW         5282    .data               ethernetif.o
    0x200000ac   0x00000004   Data   RW         5283    .data               ethernetif.o
    0x200000b0   0x0000000c   Data   RW         5440    .data               netif.o
    0x200000bc   0x0000000c   Data   RW         5606    .data               mem.o
    0x200000c8   0x00000020   Data   RW         5780    .data               tcp.o
    0x200000e8   0x0000000c   Data   RW         6036    .data               timeouts.o
    0x200000f4   0x00000004   Data   RW         6592    .data               memp.o
    0x200000f8   0x00000004   Data   RW         6593    .data               memp.o
    0x200000fc   0x00000004   Data   RW         6594    .data               memp.o
    0x20000100   0x00000004   Data   RW         6595    .data               memp.o
    0x20000104   0x00000004   Data   RW         6596    .data               memp.o
    0x20000108   0x00000004   Data   RW         6597    .data               memp.o
    0x2000010c   0x00000004   Data   RW         6598    .data               memp.o
    0x20000110   0x00000004   Data   RW         6599    .data               memp.o
    0x20000114   0x00000004   Data   RW         6600    .data               memp.o
    0x20000118   0x00000008   Data   RW         6694    .data               udp.o
    0x20000120   0x00000024   Data   RW         6803    .data               tcp_in.o
    0x20000144   0x00000004   Data   RW         6895    .data               mc_w.l(rand.o)
    0x20000148   0x00000004   Data   RW         7202    .data               mc_w.l(stdout.o)
    0x2000014c   0x000000f0   Zero   RW          499    .bss                etharp.o
    0x2000023c   0x0000000c   Zero   RW          822    .bss                stm324xg_eval_lcd.o
    0x20000248   0x00000440   Zero   RW         4342    .bss                httpd.o
    0x20000688   0x00003c54   Zero   RW         4926    .bss                lcd_log.o
    0x200042dc   0x00000034   Zero   RW         5016    .bss                main.o
    0x20004310   0x00000048   Zero   RW         5211    .bss                httpd_cgi_ssi.o
    0x20004358   0x000003b8   Zero   RW         5279    .bss                ethernetif.o
    0x20004710   0x00004983   Zero   RW         5280    .bss                ethernetif.o
    0x20009093   0x00002813   Zero   RW         5605    .bss                mem.o
    0x2000b8a6   0x00000002   PAD
    0x2000b8a8   0x00000018   Zero   RW         6117    .bss                ip.o
    0x2000b8c0   0x000000c3   Zero   RW         6573    .bss                memp.o
    0x2000b983   0x000005f3   Zero   RW         6574    .bss                memp.o
    0x2000bf76   0x000000ab   Zero   RW         6575    .bss                memp.o
    0x2000c021   0x000000c3   Zero   RW         6576    .bss                memp.o
    0x2000c0e4   0x000000a3   Zero   RW         6577    .bss                memp.o
    0x2000c187   0x0000016b   Zero   RW         6578    .bss                memp.o
    0x2000c2f2   0x000000a3   Zero   RW         6579    .bss                memp.o
    0x2000c395   0x00000143   Zero   RW         6580    .bss                memp.o
    0x2000c4d8   0x00003023   Zero   RW         6581    .bss                memp.o
    0x2000f4fb   0x00000001   PAD
    0x2000f4fc   0x00000010   Zero   RW         6801    .bss                tcp_in.o
    0x2000f50c   0x00000004   PAD
    0x2000f510   0x00000400   Zero   RW         1366    STACK               startup_stm32f407xx.o


==============================================================================

Image component sizes


      Code (inc. data)   RO Data    RW Data    ZI Data      Debug   Object Name

        42          0          0          0          0        691   app_ethernet.o
         0          0          0          0          0       3792   autoip.o
       120          0          0          0          0       3000   def.o
         0          0          0          0          0        728   err.o
      2572        824        138          1        240      14763   etharp.o
       360        102         80          0          0       2914   ethernet.o
      1118        198         12         28      19771      20707   ethernetif.o
        78          4      52368          0          0       5808   fs.o
      4214       1148        270         24       1088      33356   httpd.o
       460         80         20         20         72       4869   httpd_cgi_ssi.o
       680        248         68          0          0       4742   icmp.o
       162          0          0          0          0      11115   inet_chksum.o
        30          0          0          0          0        700   init.o
         0          0          0          0         24       7509   ip.o
       870        136         67          2          0      12131   ip4.o
        46          0          4          0          0      12102   ip4_addr.o
      2504        770         72          8          0      32373   ip4_frag.o
       396          0          0          0          0      11962   lan8742.o
       396         16          0         20      15444       6109   lcd_log.o
       452         50          0          0         52       7250   main.o
      2004        988          0         12      10259       8441   mem.o
      1086        814        144         36      15419      12662   memp.o
      1866       1080          0         12          0      17324   netif.o
      3458       1954          0          0          0      15279   pbuf.o
        36          8        392          0       1024        896   startup_stm32f407xx.o
       172         32         28         44          0       4956   stm324xg_eval.o
         0          0          0          0          0       5432   stm324xg_eval_io.o
       432         44       6840         12         12      13591   stm324xg_eval_lcd.o
       186         32          0         12          0      11602   stm32f4xx_hal.o
      1140         52          0          0          0       5810   stm32f4xx_hal_adc.o
       172         14          0          0          0      33514   stm32f4xx_hal_cortex.o
      2784         60          0          0          0      17511   stm32f4xx_hal_eth.o
       506         46          0          0          0       2396   stm32f4xx_hal_gpio.o
        76          8          0          0          0       1122   stm32f4xx_hal_msp.o
      1296         58          0          0          0       4950   stm32f4xx_hal_rcc.o
        16          0          0          0          0       3835   stm32f4xx_it.o
        84         18         16          4          0     723891   system_stm32f4xx.o
      8278       4480        201         32          0      43485   tcp.o
      5340       1410         65         36         16      21611   tcp_in.o
      7408       2956        154          0          0      23327   tcp_out.o
       624        272         91         12          0      17357   timeouts.o
       864        386          0          8          0       6360   udp.o

    ----------------------------------------------------------------------
     52388      18288      61080        324      63428    1191973   Object Totals
         0          0         32          0          0          0   (incl. Generated)
        60          0         18          1          7          0   (incl. Padding)

    ----------------------------------------------------------------------

      Code (inc. data)   RO Data    RW Data    ZI Data      Debug   Library Member Name

        86          0          0          0          0          0   __dczerorl2.o
         0          0          0          0          0          0   entry.o
         0          0          0          0          0          0   entry10a.o
         0          0          0          0          0          0   entry11a.o
         8          4          0          0          0          0   entry2.o
         4          0          0          0          0          0   entry5.o
         0          0          0          0          0          0   entry7b.o
         0          0          0          0          0          0   entry8b.o
         8          4          0          0          0          0   entry9a.o
        30          0          0          0          0          0   handlers.o
        36          8          0          0          0         68   init.o
         0          0          0          0          0          0   iusefp.o
        30          0          0          0          0         68   llshl.o
        32          0          0          0          0         68   llushr.o
        26          0          0          0          0         80   memcmp.o
        64          0          0          0          0         76   memmovea.o
        36          0          0          0          0        108   memseta.o
       472         14          0          0          0        184   printf3.o
        36         10          0          4          0        136   rand.o
         0          0          0          4          0          0   stdout.o
        20          0          0          0          0         68   strchr.o
        28          0          0          0          0         76   strcmp.o
        14          0          0          0          0         68   strlen.o
        30          0          0          0          0         80   strncmp.o
        36          0          0          0          0         80   strstr.o
        44          0          0          0          0         80   uidiv.o
        98          0          0          0          0         92   uldiv.o
       186          0          0          0          0        176   depilogue.o
        50          0          0          0          0         76   dfixui.o
        26          0          0          0          0         76   dfltui.o
       228          0          0          0          0         96   dmul.o

    ----------------------------------------------------------------------
      1636         40          0          8          0       1756   Library Totals
         8          0          0          0          0          0   (incl. Padding)

    ----------------------------------------------------------------------

      Code (inc. data)   RO Data    RW Data    ZI Data      Debug   Library Name

      1138         40          0          8          0       1332   mc_w.l
       490          0          0          0          0        424   mf_w.l

    ----------------------------------------------------------------------
      1636         40          0          8          0       1756   Library Totals

    ----------------------------------------------------------------------

==============================================================================


      Code (inc. data)   RO Data    RW Data    ZI Data      Debug   

     54024      18328      61080        332      63428    1165029   Grand Totals
     54024      18328      61080         76      63428    1165029   ELF Image Totals (compressed)
     54024      18328      61080         76          0          0   ROM Totals

==============================================================================

    Total RO  Size (Code + RO Data)               115104 ( 112.41kB)
    Total RW  Size (RW Data + ZI Data)             63760 (  62.27kB)
    Total ROM Size (Code + RO Data + RW Data)     115180 ( 112.48kB)

==============================================================================

